19-Nov-2025 12:46:21.450 INFO [main] org.apache.catalina.startup.VersionLoggerListener.log Server version name:   Apache Tomcat/9.0.89
19-Nov-2025 12:46:21.457 INFO [main] org.apache.catalina.startup.VersionLoggerListener.log Server built:          May 3 2024 20:22:11 UTC
19-Nov-2025 12:46:21.458 INFO [main] org.apache.catalina.startup.VersionLoggerListener.log Server version number: 9.0.89.0
19-Nov-2025 12:46:21.458 INFO [main] org.apache.catalina.startup.VersionLoggerListener.log OS Name:               Windows 10
19-Nov-2025 12:46:21.458 INFO [main] org.apache.catalina.startup.VersionLoggerListener.log OS Version:            10.0
19-Nov-2025 12:46:21.459 INFO [main] org.apache.catalina.startup.VersionLoggerListener.log Architecture:          amd64
19-Nov-2025 12:46:21.459 INFO [main] org.apache.catalina.startup.VersionLoggerListener.log Java Home:             C:\Program Files\Java\jdk-21
19-Nov-2025 12:46:21.459 INFO [main] org.apache.catalina.startup.VersionLoggerListener.log JVM Version:           21.0.8+12-LTS-250
19-Nov-2025 12:46:21.459 INFO [main] org.apache.catalina.startup.VersionLoggerListener.log JVM Vendor:            Oracle Corporation
19-Nov-2025 12:46:21.459 INFO [main] org.apache.catalina.startup.VersionLoggerListener.log CATALINA_BASE:         C:\Users\IET\Desktop\250845920096\apache-tomcat-9.0.89-windows-x64\apache-tomcat-9.0.89
19-Nov-2025 12:46:21.460 INFO [main] org.apache.catalina.startup.VersionLoggerListener.log CATALINA_HOME:         C:\Users\IET\Desktop\250845920096\apache-tomcat-9.0.89-windows-x64\apache-tomcat-9.0.89
19-Nov-2025 12:46:21.482 INFO [main] org.apache.catalina.startup.VersionLoggerListener.log Command line argument: --add-opens=java.base/java.lang=ALL-UNNAMED
19-Nov-2025 12:46:21.482 INFO [main] org.apache.catalina.startup.VersionLoggerListener.log Command line argument: --add-opens=java.base/java.io=ALL-UNNAMED
19-Nov-2025 12:46:21.483 INFO [main] org.apache.catalina.startup.VersionLoggerListener.log Command line argument: --add-opens=java.base/java.util=ALL-UNNAMED
19-Nov-2025 12:46:21.483 INFO [main] org.apache.catalina.startup.VersionLoggerListener.log Command line argument: --add-opens=java.base/java.util.concurrent=ALL-UNNAMED
19-Nov-2025 12:46:21.483 INFO [main] org.apache.catalina.startup.VersionLoggerListener.log Command line argument: --add-opens=java.rmi/sun.rmi.transport=ALL-UNNAMED
19-Nov-2025 12:46:21.484 INFO [main] org.apache.catalina.startup.VersionLoggerListener.log Command line argument: -Djava.util.logging.config.file=C:\Users\IET\Desktop\250845920096\apache-tomcat-9.0.89-windows-x64\apache-tomcat-9.0.89\conf\logging.properties
19-Nov-2025 12:46:21.484 INFO [main] org.apache.catalina.startup.VersionLoggerListener.log Command line argument: -Djava.util.logging.manager=org.apache.juli.ClassLoaderLogManager
19-Nov-2025 12:46:21.485 INFO [main] org.apache.catalina.startup.VersionLoggerListener.log Command line argument: -Djdk.tls.ephemeralDHKeySize=2048
19-Nov-2025 12:46:21.486 INFO [main] org.apache.catalina.startup.VersionLoggerListener.log Command line argument: -Djava.protocol.handler.pkgs=org.apache.catalina.webresources
19-Nov-2025 12:46:21.486 INFO [main] org.apache.catalina.startup.VersionLoggerListener.log Command line argument: -Dignore.endorsed.dirs=
19-Nov-2025 12:46:21.487 INFO [main] org.apache.catalina.startup.VersionLoggerListener.log Command line argument: -Dcatalina.base=C:\Users\IET\Desktop\250845920096\apache-tomcat-9.0.89-windows-x64\apache-tomcat-9.0.89
19-Nov-2025 12:46:21.487 INFO [main] org.apache.catalina.startup.VersionLoggerListener.log Command line argument: -Dcatalina.home=C:\Users\IET\Desktop\250845920096\apache-tomcat-9.0.89-windows-x64\apache-tomcat-9.0.89
19-Nov-2025 12:46:21.488 INFO [main] org.apache.catalina.startup.VersionLoggerListener.log Command line argument: -Djava.io.tmpdir=C:\Users\IET\Desktop\250845920096\apache-tomcat-9.0.89-windows-x64\apache-tomcat-9.0.89\temp
19-Nov-2025 12:46:21.499 INFO [main] org.apache.catalina.core.AprLifecycleListener.lifecycleEvent Loaded Apache Tomcat Native library [1.3.0] using APR version [1.7.4].
19-Nov-2025 12:46:21.499 INFO [main] org.apache.catalina.core.AprLifecycleListener.lifecycleEvent APR capabilities: IPv6 [true], sendfile [true], accept filters [false], random [true], UDS [true].
19-Nov-2025 12:46:21.500 INFO [main] org.apache.catalina.core.AprLifecycleListener.lifecycleEvent APR/OpenSSL configuration: useAprConnector [false], useOpenSSL [true]
19-Nov-2025 12:46:21.534 INFO [main] org.apache.catalina.core.AprLifecycleListener.initializeSSL OpenSSL successfully initialized [OpenSSL 3.0.13 30 Jan 2024]
19-Nov-2025 12:46:22.027 INFO [main] org.apache.coyote.AbstractProtocol.init Initializing ProtocolHandler ["http-nio-8080"]
19-Nov-2025 12:46:22.091 INFO [main] org.apache.catalina.startup.Catalina.load Server initialization in [923] milliseconds
19-Nov-2025 12:46:22.178 INFO [main] org.apache.catalina.core.StandardService.startInternal Starting service [Catalina]
19-Nov-2025 12:46:22.178 INFO [main] org.apache.catalina.core.StandardEngine.startInternal Starting Servlet engine: [Apache Tomcat/9.0.89]
19-Nov-2025 12:46:22.389 INFO [main] org.apache.catalina.startup.HostConfig.deployDirectory Deploying web application directory [C:\Users\IET\Desktop\250845920096\apache-tomcat-9.0.89-windows-x64\apache-tomcat-9.0.89\webapps\docs]
19-Nov-2025 12:46:22.935 INFO [main] org.apache.catalina.startup.HostConfig.deployDirectory Deployment of web application directory [C:\Users\IET\Desktop\250845920096\apache-tomcat-9.0.89-windows-x64\apache-tomcat-9.0.89\webapps\docs] has finished in [545] ms
19-Nov-2025 12:46:22.935 INFO [main] org.apache.catalina.startup.HostConfig.deployDirectory Deploying web application directory [C:\Users\IET\Desktop\250845920096\apache-tomcat-9.0.89-windows-x64\apache-tomcat-9.0.89\webapps\examples]
19-Nov-2025 12:46:23.688 INFO [main] org.apache.catalina.startup.HostConfig.deployDirectory Deployment of web application directory [C:\Users\IET\Desktop\250845920096\apache-tomcat-9.0.89-windows-x64\apache-tomcat-9.0.89\webapps\examples] has finished in [753] ms
19-Nov-2025 12:46:23.691 INFO [main] org.apache.catalina.startup.HostConfig.deployDirectory Deploying web application directory [C:\Users\IET\Desktop\250845920096\apache-tomcat-9.0.89-windows-x64\apache-tomcat-9.0.89\webapps\host-manager]
19-Nov-2025 12:46:23.771 INFO [main] org.apache.catalina.startup.HostConfig.deployDirectory Deployment of web application directory [C:\Users\IET\Desktop\250845920096\apache-tomcat-9.0.89-windows-x64\apache-tomcat-9.0.89\webapps\host-manager] has finished in [79] ms
19-Nov-2025 12:46:23.771 INFO [main] org.apache.catalina.startup.HostConfig.deployDirectory Deploying web application directory [C:\Users\IET\Desktop\250845920096\apache-tomcat-9.0.89-windows-x64\apache-tomcat-9.0.89\webapps\manager]
19-Nov-2025 12:46:23.841 INFO [main] org.apache.catalina.startup.HostConfig.deployDirectory Deployment of web application directory [C:\Users\IET\Desktop\250845920096\apache-tomcat-9.0.89-windows-x64\apache-tomcat-9.0.89\webapps\manager] has finished in [69] ms
19-Nov-2025 12:46:23.842 INFO [main] org.apache.catalina.startup.HostConfig.deployDirectory Deploying web application directory [C:\Users\IET\Desktop\250845920096\apache-tomcat-9.0.89-windows-x64\apache-tomcat-9.0.89\webapps\ROOT]
19-Nov-2025 12:46:23.894 INFO [main] org.apache.catalina.startup.HostConfig.deployDirectory Deployment of web application directory [C:\Users\IET\Desktop\250845920096\apache-tomcat-9.0.89-windows-x64\apache-tomcat-9.0.89\webapps\ROOT] has finished in [52] ms
19-Nov-2025 12:46:23.904 INFO [main] org.apache.coyote.AbstractProtocol.start Starting ProtocolHandler ["http-nio-8080"]
19-Nov-2025 12:46:23.948 INFO [main] org.apache.catalina.startup.Catalina.start Server startup in [1849] milliseconds
19-Nov-2025 12:49:55.408 WARNING [http-nio-8080-exec-2] org.apache.catalina.realm.LockOutRealm.filterLockedAccounts An attempt was made to authenticate the locked user []
19-Nov-2025 12:49:55.558 WARNING [http-nio-8080-exec-4] org.apache.catalina.realm.LockOutRealm.filterLockedAccounts An attempt was made to authenticate the locked user []
19-Nov-2025 12:49:55.877 WARNING [http-nio-8080-exec-9] org.apache.catalina.realm.LockOutRealm.filterLockedAccounts An attempt was made to authenticate the locked user []
19-Nov-2025 12:49:56.047 WARNING [http-nio-8080-exec-8] org.apache.catalina.realm.LockOutRealm.filterLockedAccounts An attempt was made to authenticate the locked user []
19-Nov-2025 12:49:56.196 WARNING [http-nio-8080-exec-5] org.apache.catalina.realm.LockOutRealm.filterLockedAccounts An attempt was made to authenticate the locked user []
19-Nov-2025 12:50:53.416 WARNING [http-nio-8080-exec-8] org.apache.catalina.realm.LockOutRealm.filterLockedAccounts An attempt was made to authenticate the locked user [admin]
19-Nov-2025 12:51:25.880 WARNING [http-nio-8080-exec-10] org.apache.catalina.realm.LockOutRealm.filterLockedAccounts An attempt was made to authenticate the locked user [admin]
19-Nov-2025 12:51:29.126 WARNING [http-nio-8080-exec-7] org.apache.catalina.realm.LockOutRealm.filterLockedAccounts An attempt was made to authenticate the locked user [admin]
19-Nov-2025 12:53:14.557 INFO [Catalina-utility-2] org.apache.catalina.users.MemoryUserDatabase.backgroundProcess Reloading memory user database [UserDatabase] from updated source [file:/C:/Users/IET/Desktop/250845920096/apache-tomcat-9.0.89-windows-x64/apache-tomcat-9.0.89/conf/tomcat-users.xml]
19-Nov-2025 12:53:20.815 INFO [Thread-1] org.apache.coyote.AbstractProtocol.pause Pausing ProtocolHandler ["http-nio-8080"]
19-Nov-2025 12:53:20.825 INFO [Thread-1] org.apache.catalina.core.StandardService.stopInternal Stopping service [Catalina]
19-Nov-2025 12:53:20.862 INFO [Thread-1] org.apache.coyote.AbstractProtocol.stop Stopping ProtocolHandler ["http-nio-8080"]
19-Nov-2025 12:53:20.876 INFO [Thread-1] org.apache.coyote.AbstractProtocol.destroy Destroying ProtocolHandler ["http-nio-8080"]
19-Nov-2025 12:53:25.574 INFO [main] org.apache.catalina.startup.VersionLoggerListener.log Server version name:   Apache Tomcat/9.0.89
19-Nov-2025 12:53:25.580 INFO [main] org.apache.catalina.startup.VersionLoggerListener.log Server built:          May 3 2024 20:22:11 UTC
19-Nov-2025 12:53:25.580 INFO [main] org.apache.catalina.startup.VersionLoggerListener.log Server version number: 9.0.89.0
19-Nov-2025 12:53:25.580 INFO [main] org.apache.catalina.startup.VersionLoggerListener.log OS Name:               Windows 10
19-Nov-2025 12:53:25.581 INFO [main] org.apache.catalina.startup.VersionLoggerListener.log OS Version:            10.0
19-Nov-2025 12:53:25.581 INFO [main] org.apache.catalina.startup.VersionLoggerListener.log Architecture:          amd64
19-Nov-2025 12:53:25.581 INFO [main] org.apache.catalina.startup.VersionLoggerListener.log Java Home:             C:\Program Files\Java\jdk-21
19-Nov-2025 12:53:25.581 INFO [main] org.apache.catalina.startup.VersionLoggerListener.log JVM Version:           21.0.8+12-LTS-250
19-Nov-2025 12:53:25.581 INFO [main] org.apache.catalina.startup.VersionLoggerListener.log JVM Vendor:            Oracle Corporation
19-Nov-2025 12:53:25.582 INFO [main] org.apache.catalina.startup.VersionLoggerListener.log CATALINA_BASE:         C:\Users\IET\Desktop\250845920096\apache-tomcat-9.0.89-windows-x64\apache-tomcat-9.0.89
19-Nov-2025 12:53:25.582 INFO [main] org.apache.catalina.startup.VersionLoggerListener.log CATALINA_HOME:         C:\Users\IET\Desktop\250845920096\apache-tomcat-9.0.89-windows-x64\apache-tomcat-9.0.89
19-Nov-2025 12:53:25.595 INFO [main] org.apache.catalina.startup.VersionLoggerListener.log Command line argument: --add-opens=java.base/java.lang=ALL-UNNAMED
19-Nov-2025 12:53:25.595 INFO [main] org.apache.catalina.startup.VersionLoggerListener.log Command line argument: --add-opens=java.base/java.io=ALL-UNNAMED
19-Nov-2025 12:53:25.595 INFO [main] org.apache.catalina.startup.VersionLoggerListener.log Command line argument: --add-opens=java.base/java.util=ALL-UNNAMED
19-Nov-2025 12:53:25.595 INFO [main] org.apache.catalina.startup.VersionLoggerListener.log Command line argument: --add-opens=java.base/java.util.concurrent=ALL-UNNAMED
19-Nov-2025 12:53:25.596 INFO [main] org.apache.catalina.startup.VersionLoggerListener.log Command line argument: --add-opens=java.rmi/sun.rmi.transport=ALL-UNNAMED
19-Nov-2025 12:53:25.597 INFO [main] org.apache.catalina.startup.VersionLoggerListener.log Command line argument: -Djava.util.logging.config.file=C:\Users\IET\Desktop\250845920096\apache-tomcat-9.0.89-windows-x64\apache-tomcat-9.0.89\conf\logging.properties
19-Nov-2025 12:53:25.597 INFO [main] org.apache.catalina.startup.VersionLoggerListener.log Command line argument: -Djava.util.logging.manager=org.apache.juli.ClassLoaderLogManager
19-Nov-2025 12:53:25.601 INFO [main] org.apache.catalina.startup.VersionLoggerListener.log Command line argument: -Djdk.tls.ephemeralDHKeySize=2048
19-Nov-2025 12:53:25.603 INFO [main] org.apache.catalina.startup.VersionLoggerListener.log Command line argument: -Djava.protocol.handler.pkgs=org.apache.catalina.webresources
19-Nov-2025 12:53:25.604 INFO [main] org.apache.catalina.startup.VersionLoggerListener.log Command line argument: -Dignore.endorsed.dirs=
19-Nov-2025 12:53:25.605 INFO [main] org.apache.catalina.startup.VersionLoggerListener.log Command line argument: -Dcatalina.base=C:\Users\IET\Desktop\250845920096\apache-tomcat-9.0.89-windows-x64\apache-tomcat-9.0.89
19-Nov-2025 12:53:25.605 INFO [main] org.apache.catalina.startup.VersionLoggerListener.log Command line argument: -Dcatalina.home=C:\Users\IET\Desktop\250845920096\apache-tomcat-9.0.89-windows-x64\apache-tomcat-9.0.89
19-Nov-2025 12:53:25.606 INFO [main] org.apache.catalina.startup.VersionLoggerListener.log Command line argument: -Djava.io.tmpdir=C:\Users\IET\Desktop\250845920096\apache-tomcat-9.0.89-windows-x64\apache-tomcat-9.0.89\temp
19-Nov-2025 12:53:25.610 INFO [main] org.apache.catalina.core.AprLifecycleListener.lifecycleEvent Loaded Apache Tomcat Native library [1.3.0] using APR version [1.7.4].
19-Nov-2025 12:53:25.611 INFO [main] org.apache.catalina.core.AprLifecycleListener.lifecycleEvent APR capabilities: IPv6 [true], sendfile [true], accept filters [false], random [true], UDS [true].
19-Nov-2025 12:53:25.611 INFO [main] org.apache.catalina.core.AprLifecycleListener.lifecycleEvent APR/OpenSSL configuration: useAprConnector [false], useOpenSSL [true]
19-Nov-2025 12:53:25.620 INFO [main] org.apache.catalina.core.AprLifecycleListener.initializeSSL OpenSSL successfully initialized [OpenSSL 3.0.13 30 Jan 2024]
19-Nov-2025 12:53:26.070 INFO [main] org.apache.coyote.AbstractProtocol.init Initializing ProtocolHandler ["http-nio-8080"]
19-Nov-2025 12:53:26.112 INFO [main] org.apache.catalina.startup.Catalina.load Server initialization in [782] milliseconds
19-Nov-2025 12:53:26.178 INFO [main] org.apache.catalina.core.StandardService.startInternal Starting service [Catalina]
19-Nov-2025 12:53:26.179 INFO [main] org.apache.catalina.core.StandardEngine.startInternal Starting Servlet engine: [Apache Tomcat/9.0.89]
19-Nov-2025 12:53:26.192 INFO [main] org.apache.catalina.startup.HostConfig.deployDirectory Deploying web application directory [C:\Users\IET\Desktop\250845920096\apache-tomcat-9.0.89-windows-x64\apache-tomcat-9.0.89\webapps\docs]
19-Nov-2025 12:53:26.626 INFO [main] org.apache.catalina.startup.HostConfig.deployDirectory Deployment of web application directory [C:\Users\IET\Desktop\250845920096\apache-tomcat-9.0.89-windows-x64\apache-tomcat-9.0.89\webapps\docs] has finished in [433] ms
19-Nov-2025 12:53:26.627 INFO [main] org.apache.catalina.startup.HostConfig.deployDirectory Deploying web application directory [C:\Users\IET\Desktop\250845920096\apache-tomcat-9.0.89-windows-x64\apache-tomcat-9.0.89\webapps\examples]
19-Nov-2025 12:53:27.350 INFO [main] org.apache.catalina.startup.HostConfig.deployDirectory Deployment of web application directory [C:\Users\IET\Desktop\250845920096\apache-tomcat-9.0.89-windows-x64\apache-tomcat-9.0.89\webapps\examples] has finished in [723] ms
19-Nov-2025 12:53:27.352 INFO [main] org.apache.catalina.startup.HostConfig.deployDirectory Deploying web application directory [C:\Users\IET\Desktop\250845920096\apache-tomcat-9.0.89-windows-x64\apache-tomcat-9.0.89\webapps\host-manager]
19-Nov-2025 12:53:27.422 INFO [main] org.apache.catalina.startup.HostConfig.deployDirectory Deployment of web application directory [C:\Users\IET\Desktop\250845920096\apache-tomcat-9.0.89-windows-x64\apache-tomcat-9.0.89\webapps\host-manager] has finished in [70] ms
19-Nov-2025 12:53:27.423 INFO [main] org.apache.catalina.startup.HostConfig.deployDirectory Deploying web application directory [C:\Users\IET\Desktop\250845920096\apache-tomcat-9.0.89-windows-x64\apache-tomcat-9.0.89\webapps\manager]
19-Nov-2025 12:53:27.488 INFO [main] org.apache.catalina.startup.HostConfig.deployDirectory Deployment of web application directory [C:\Users\IET\Desktop\250845920096\apache-tomcat-9.0.89-windows-x64\apache-tomcat-9.0.89\webapps\manager] has finished in [64] ms
19-Nov-2025 12:53:27.488 INFO [main] org.apache.catalina.startup.HostConfig.deployDirectory Deploying web application directory [C:\Users\IET\Desktop\250845920096\apache-tomcat-9.0.89-windows-x64\apache-tomcat-9.0.89\webapps\ROOT]
19-Nov-2025 12:53:27.539 INFO [main] org.apache.catalina.startup.HostConfig.deployDirectory Deployment of web application directory [C:\Users\IET\Desktop\250845920096\apache-tomcat-9.0.89-windows-x64\apache-tomcat-9.0.89\webapps\ROOT] has finished in [50] ms
19-Nov-2025 12:53:27.549 INFO [main] org.apache.coyote.AbstractProtocol.start Starting ProtocolHandler ["http-nio-8080"]
19-Nov-2025 12:53:27.595 INFO [main] org.apache.catalina.startup.Catalina.start Server startup in [1479] milliseconds
19-Nov-2025 12:54:17.628 INFO [Catalina-utility-2] org.apache.catalina.startup.HostConfig.deployDirectory Deploying web application directory [C:\Users\IET\Desktop\250845920096\apache-tomcat-9.0.89-windows-x64\apache-tomcat-9.0.89\webapps\myapp]
19-Nov-2025 12:54:17.693 INFO [Catalina-utility-2] org.apache.catalina.startup.HostConfig.deployDirectory Deployment of web application directory [C:\Users\IET\Desktop\250845920096\apache-tomcat-9.0.89-windows-x64\apache-tomcat-9.0.89\webapps\myapp] has finished in [65] ms
19-Nov-2025 12:58:32.385 INFO [main] org.apache.catalina.startup.VersionLoggerListener.log Server version name:   Apache Tomcat/9.0.89
19-Nov-2025 12:58:32.390 INFO [main] org.apache.catalina.startup.VersionLoggerListener.log Server built:          May 3 2024 20:22:11 UTC
19-Nov-2025 12:58:32.390 INFO [main] org.apache.catalina.startup.VersionLoggerListener.log Server version number: 9.0.89.0
19-Nov-2025 12:58:32.391 INFO [main] org.apache.catalina.startup.VersionLoggerListener.log OS Name:               Windows 10
19-Nov-2025 12:58:32.391 INFO [main] org.apache.catalina.startup.VersionLoggerListener.log OS Version:            10.0
19-Nov-2025 12:58:32.391 INFO [main] org.apache.catalina.startup.VersionLoggerListener.log Architecture:          amd64
19-Nov-2025 12:58:32.391 INFO [main] org.apache.catalina.startup.VersionLoggerListener.log Java Home:             C:\Program Files\Java\jdk-21
19-Nov-2025 12:58:32.392 INFO [main] org.apache.catalina.startup.VersionLoggerListener.log JVM Version:           21.0.8+12-LTS-250
19-Nov-2025 12:58:32.392 INFO [main] org.apache.catalina.startup.VersionLoggerListener.log JVM Vendor:            Oracle Corporation
19-Nov-2025 12:58:32.392 INFO [main] org.apache.catalina.startup.VersionLoggerListener.log CATALINA_BASE:         C:\Users\IET\Desktop\250845920096\apache-tomcat-9.0.89-windows-x64\apache-tomcat-9.0.89
19-Nov-2025 12:58:32.392 INFO [main] org.apache.catalina.startup.VersionLoggerListener.log CATALINA_HOME:         C:\Users\IET\Desktop\250845920096\apache-tomcat-9.0.89-windows-x64\apache-tomcat-9.0.89
19-Nov-2025 12:58:32.404 INFO [main] org.apache.catalina.startup.VersionLoggerListener.log Command line argument: --add-opens=java.base/java.lang=ALL-UNNAMED
19-Nov-2025 12:58:32.405 INFO [main] org.apache.catalina.startup.VersionLoggerListener.log Command line argument: --add-opens=java.base/java.io=ALL-UNNAMED
19-Nov-2025 12:58:32.406 INFO [main] org.apache.catalina.startup.VersionLoggerListener.log Command line argument: --add-opens=java.base/java.util=ALL-UNNAMED
19-Nov-2025 12:58:32.406 INFO [main] org.apache.catalina.startup.VersionLoggerListener.log Command line argument: --add-opens=java.base/java.util.concurrent=ALL-UNNAMED
19-Nov-2025 12:58:32.406 INFO [main] org.apache.catalina.startup.VersionLoggerListener.log Command line argument: --add-opens=java.rmi/sun.rmi.transport=ALL-UNNAMED
19-Nov-2025 12:58:32.407 INFO [main] org.apache.catalina.startup.VersionLoggerListener.log Command line argument: -Djava.util.logging.config.file=C:\Users\IET\Desktop\250845920096\apache-tomcat-9.0.89-windows-x64\apache-tomcat-9.0.89\conf\logging.properties
19-Nov-2025 12:58:32.408 INFO [main] org.apache.catalina.startup.VersionLoggerListener.log Command line argument: -Djava.util.logging.manager=org.apache.juli.ClassLoaderLogManager
19-Nov-2025 12:58:32.408 INFO [main] org.apache.catalina.startup.VersionLoggerListener.log Command line argument: -Djdk.tls.ephemeralDHKeySize=2048
19-Nov-2025 12:58:32.409 INFO [main] org.apache.catalina.startup.VersionLoggerListener.log Command line argument: -Djava.protocol.handler.pkgs=org.apache.catalina.webresources
19-Nov-2025 12:58:32.409 INFO [main] org.apache.catalina.startup.VersionLoggerListener.log Command line argument: -Dignore.endorsed.dirs=
19-Nov-2025 12:58:32.410 INFO [main] org.apache.catalina.startup.VersionLoggerListener.log Command line argument: -Dcatalina.base=C:\Users\IET\Desktop\250845920096\apache-tomcat-9.0.89-windows-x64\apache-tomcat-9.0.89
19-Nov-2025 12:58:32.410 INFO [main] org.apache.catalina.startup.VersionLoggerListener.log Command line argument: -Dcatalina.home=C:\Users\IET\Desktop\250845920096\apache-tomcat-9.0.89-windows-x64\apache-tomcat-9.0.89
19-Nov-2025 12:58:32.410 INFO [main] org.apache.catalina.startup.VersionLoggerListener.log Command line argument: -Djava.io.tmpdir=C:\Users\IET\Desktop\250845920096\apache-tomcat-9.0.89-windows-x64\apache-tomcat-9.0.89\temp
19-Nov-2025 12:58:32.415 INFO [main] org.apache.catalina.core.AprLifecycleListener.lifecycleEvent Loaded Apache Tomcat Native library [1.3.0] using APR version [1.7.4].
19-Nov-2025 12:58:32.416 INFO [main] org.apache.catalina.core.AprLifecycleListener.lifecycleEvent APR capabilities: IPv6 [true], sendfile [true], accept filters [false], random [true], UDS [true].
19-Nov-2025 12:58:32.416 INFO [main] org.apache.catalina.core.AprLifecycleListener.lifecycleEvent APR/OpenSSL configuration: useAprConnector [false], useOpenSSL [true]
19-Nov-2025 12:58:32.425 INFO [main] org.apache.catalina.core.AprLifecycleListener.initializeSSL OpenSSL successfully initialized [OpenSSL 3.0.13 30 Jan 2024]
19-Nov-2025 12:58:32.874 INFO [main] org.apache.coyote.AbstractProtocol.init Initializing ProtocolHandler ["http-nio-8080"]
19-Nov-2025 12:58:32.899 SEVERE [main] org.apache.catalina.util.LifecycleBase.handleSubClassException Failed to initialize component [Connector["http-nio-8080"]]
	org.apache.catalina.LifecycleException: Protocol handler initialization failed
		at org.apache.catalina.connector.Connector.initInternal(Connector.java:1012)
		at org.apache.catalina.util.LifecycleBase.init(LifecycleBase.java:127)
		at org.apache.catalina.core.StandardService.initInternal(StandardService.java:525)
		at org.apache.catalina.util.LifecycleBase.init(LifecycleBase.java:127)
		at org.apache.catalina.core.StandardServer.initInternal(StandardServer.java:990)
		at org.apache.catalina.util.LifecycleBase.init(LifecycleBase.java:127)
		at org.apache.catalina.startup.Catalina.load(Catalina.java:686)
		at org.apache.catalina.startup.Catalina.load(Catalina.java:709)
		at java.base/jdk.internal.reflect.DirectMethodHandleAccessor.invoke(DirectMethodHandleAccessor.java:103)
		at java.base/java.lang.reflect.Method.invoke(Method.java:580)
		at org.apache.catalina.startup.Bootstrap.load(Bootstrap.java:302)
		at org.apache.catalina.startup.Bootstrap.main(Bootstrap.java:472)
	Caused by: java.net.BindException: Address already in use: bind
		at java.base/sun.nio.ch.Net.bind0(Native Method)
		at java.base/sun.nio.ch.Net.bind(Net.java:565)
		at java.base/sun.nio.ch.ServerSocketChannelImpl.netBind(ServerSocketChannelImpl.java:344)
		at java.base/sun.nio.ch.ServerSocketChannelImpl.bind(ServerSocketChannelImpl.java:301)
		at org.apache.tomcat.util.net.NioEndpoint.initServerSocket(NioEndpoint.java:268)
		at org.apache.tomcat.util.net.NioEndpoint.bind(NioEndpoint.java:223)
		at org.apache.tomcat.util.net.AbstractEndpoint.bindWithCleanup(AbstractEndpoint.java:1355)
		at org.apache.tomcat.util.net.AbstractEndpoint.init(AbstractEndpoint.java:1368)
		at org.apache.coyote.AbstractProtocol.init(AbstractProtocol.java:654)
		at org.apache.coyote.http11.AbstractHttp11Protocol.init(AbstractHttp11Protocol.java:75)
		at org.apache.catalina.connector.Connector.initInternal(Connector.java:1010)
		... 11 more
19-Nov-2025 12:58:32.901 INFO [main] org.apache.catalina.startup.Catalina.load Server initialization in [766] milliseconds
19-Nov-2025 12:58:32.977 INFO [main] org.apache.catalina.core.StandardService.startInternal Starting service [Catalina]
19-Nov-2025 12:58:32.977 INFO [main] org.apache.catalina.core.StandardEngine.startInternal Starting Servlet engine: [Apache Tomcat/9.0.89]
19-Nov-2025 12:58:32.993 INFO [main] org.apache.catalina.startup.HostConfig.deployDirectory Deploying web application directory [C:\Users\IET\Desktop\250845920096\apache-tomcat-9.0.89-windows-x64\apache-tomcat-9.0.89\webapps\docs]
19-Nov-2025 12:58:33.419 INFO [main] org.apache.catalina.startup.HostConfig.deployDirectory Deployment of web application directory [C:\Users\IET\Desktop\250845920096\apache-tomcat-9.0.89-windows-x64\apache-tomcat-9.0.89\webapps\docs] has finished in [425] ms
19-Nov-2025 12:58:33.420 INFO [main] org.apache.catalina.startup.HostConfig.deployDirectory Deploying web application directory [C:\Users\IET\Desktop\250845920096\apache-tomcat-9.0.89-windows-x64\apache-tomcat-9.0.89\webapps\examples]
19-Nov-2025 12:58:34.104 INFO [main] org.apache.catalina.startup.HostConfig.deployDirectory Deployment of web application directory [C:\Users\IET\Desktop\250845920096\apache-tomcat-9.0.89-windows-x64\apache-tomcat-9.0.89\webapps\examples] has finished in [684] ms
19-Nov-2025 12:58:34.104 INFO [main] org.apache.catalina.startup.HostConfig.deployDirectory Deploying web application directory [C:\Users\IET\Desktop\250845920096\apache-tomcat-9.0.89-windows-x64\apache-tomcat-9.0.89\webapps\host-manager]
19-Nov-2025 12:58:34.168 INFO [main] org.apache.catalina.startup.HostConfig.deployDirectory Deployment of web application directory [C:\Users\IET\Desktop\250845920096\apache-tomcat-9.0.89-windows-x64\apache-tomcat-9.0.89\webapps\host-manager] has finished in [63] ms
19-Nov-2025 12:58:34.168 INFO [main] org.apache.catalina.startup.HostConfig.deployDirectory Deploying web application directory [C:\Users\IET\Desktop\250845920096\apache-tomcat-9.0.89-windows-x64\apache-tomcat-9.0.89\webapps\manager]
19-Nov-2025 12:58:34.229 INFO [main] org.apache.catalina.startup.HostConfig.deployDirectory Deployment of web application directory [C:\Users\IET\Desktop\250845920096\apache-tomcat-9.0.89-windows-x64\apache-tomcat-9.0.89\webapps\manager] has finished in [60] ms
19-Nov-2025 12:58:34.230 INFO [main] org.apache.catalina.startup.HostConfig.deployDirectory Deploying web application directory [C:\Users\IET\Desktop\250845920096\apache-tomcat-9.0.89-windows-x64\apache-tomcat-9.0.89\webapps\myapp]
19-Nov-2025 12:58:34.284 INFO [main] org.apache.catalina.startup.HostConfig.deployDirectory Deployment of web application directory [C:\Users\IET\Desktop\250845920096\apache-tomcat-9.0.89-windows-x64\apache-tomcat-9.0.89\webapps\myapp] has finished in [54] ms
19-Nov-2025 12:58:34.285 INFO [main] org.apache.catalina.startup.HostConfig.deployDirectory Deploying web application directory [C:\Users\IET\Desktop\250845920096\apache-tomcat-9.0.89-windows-x64\apache-tomcat-9.0.89\webapps\ROOT]
19-Nov-2025 12:58:34.325 INFO [main] org.apache.catalina.startup.HostConfig.deployDirectory Deployment of web application directory [C:\Users\IET\Desktop\250845920096\apache-tomcat-9.0.89-windows-x64\apache-tomcat-9.0.89\webapps\ROOT] has finished in [40] ms
19-Nov-2025 12:58:34.332 INFO [main] org.apache.catalina.startup.Catalina.start Server startup in [1428] milliseconds
19-Nov-2025 12:58:34.341 SEVERE [main] org.apache.catalina.core.StandardServer.await Failed to create server shutdown socket on address [localhost] and port [8005] (base port [8005] and offset [0])
	java.net.BindException: Address already in use: bind
		at java.base/sun.nio.ch.Net.bind0(Native Method)
		at java.base/sun.nio.ch.Net.bind(Net.java:565)
		at java.base/sun.nio.ch.Net.bind(Net.java:554)
		at java.base/sun.nio.ch.NioSocketImpl.bind(NioSocketImpl.java:636)
		at java.base/java.net.ServerSocket.bind(ServerSocket.java:391)
		at java.base/java.net.ServerSocket.<init>(ServerSocket.java:278)
		at org.apache.catalina.core.StandardServer.await(StandardServer.java:541)
		at org.apache.catalina.startup.Catalina.await(Catalina.java:825)
		at org.apache.catalina.startup.Catalina.start(Catalina.java:773)
		at java.base/jdk.internal.reflect.DirectMethodHandleAccessor.invoke(DirectMethodHandleAccessor.java:103)
		at java.base/java.lang.reflect.Method.invoke(Method.java:580)
		at org.apache.catalina.startup.Bootstrap.start(Bootstrap.java:345)
		at org.apache.catalina.startup.Bootstrap.main(Bootstrap.java:473)
19-Nov-2025 12:58:34.342 INFO [main] org.apache.coyote.AbstractProtocol.pause Pausing ProtocolHandler ["http-nio-8080"]
19-Nov-2025 12:58:34.342 INFO [main] org.apache.catalina.core.StandardService.stopInternal Stopping service [Catalina]
19-Nov-2025 12:58:34.384 INFO [main] org.apache.coyote.AbstractProtocol.stop Stopping ProtocolHandler ["http-nio-8080"]
19-Nov-2025 12:58:34.387 INFO [main] org.apache.coyote.AbstractProtocol.destroy Destroying ProtocolHandler ["http-nio-8080"]
19-Nov-2025 12:59:06.974 INFO [main] org.apache.catalina.startup.VersionLoggerListener.log Server version name:   Apache Tomcat/9.0.89
19-Nov-2025 12:59:06.979 INFO [main] org.apache.catalina.startup.VersionLoggerListener.log Server built:          May 3 2024 20:22:11 UTC
19-Nov-2025 12:59:06.979 INFO [main] org.apache.catalina.startup.VersionLoggerListener.log Server version number: 9.0.89.0
19-Nov-2025 12:59:06.980 INFO [main] org.apache.catalina.startup.VersionLoggerListener.log OS Name:               Windows 10
19-Nov-2025 12:59:06.980 INFO [main] org.apache.catalina.startup.VersionLoggerListener.log OS Version:            10.0
19-Nov-2025 12:59:06.980 INFO [main] org.apache.catalina.startup.VersionLoggerListener.log Architecture:          amd64
19-Nov-2025 12:59:06.980 INFO [main] org.apache.catalina.startup.VersionLoggerListener.log Java Home:             C:\Program Files\Java\jdk-21
19-Nov-2025 12:59:06.981 INFO [main] org.apache.catalina.startup.VersionLoggerListener.log JVM Version:           21.0.8+12-LTS-250
19-Nov-2025 12:59:06.981 INFO [main] org.apache.catalina.startup.VersionLoggerListener.log JVM Vendor:            Oracle Corporation
19-Nov-2025 12:59:06.981 INFO [main] org.apache.catalina.startup.VersionLoggerListener.log CATALINA_BASE:         C:\Users\IET\Desktop\250845920096\apache-tomcat-9.0.89-windows-x64\apache-tomcat-9.0.89
19-Nov-2025 12:59:06.981 INFO [main] org.apache.catalina.startup.VersionLoggerListener.log CATALINA_HOME:         C:\Users\IET\Desktop\250845920096\apache-tomcat-9.0.89-windows-x64\apache-tomcat-9.0.89
19-Nov-2025 12:59:06.994 INFO [main] org.apache.catalina.startup.VersionLoggerListener.log Command line argument: --add-opens=java.base/java.lang=ALL-UNNAMED
19-Nov-2025 12:59:06.994 INFO [main] org.apache.catalina.startup.VersionLoggerListener.log Command line argument: --add-opens=java.base/java.io=ALL-UNNAMED
19-Nov-2025 12:59:06.994 INFO [main] org.apache.catalina.startup.VersionLoggerListener.log Command line argument: --add-opens=java.base/java.util=ALL-UNNAMED
19-Nov-2025 12:59:06.995 INFO [main] org.apache.catalina.startup.VersionLoggerListener.log Command line argument: --add-opens=java.base/java.util.concurrent=ALL-UNNAMED
19-Nov-2025 12:59:06.995 INFO [main] org.apache.catalina.startup.VersionLoggerListener.log Command line argument: --add-opens=java.rmi/sun.rmi.transport=ALL-UNNAMED
19-Nov-2025 12:59:06.996 INFO [main] org.apache.catalina.startup.VersionLoggerListener.log Command line argument: -Djava.util.logging.config.file=C:\Users\IET\Desktop\250845920096\apache-tomcat-9.0.89-windows-x64\apache-tomcat-9.0.89\conf\logging.properties
19-Nov-2025 12:59:06.996 INFO [main] org.apache.catalina.startup.VersionLoggerListener.log Command line argument: -Djava.util.logging.manager=org.apache.juli.ClassLoaderLogManager
19-Nov-2025 12:59:06.997 INFO [main] org.apache.catalina.startup.VersionLoggerListener.log Command line argument: -Djdk.tls.ephemeralDHKeySize=2048
19-Nov-2025 12:59:06.998 INFO [main] org.apache.catalina.startup.VersionLoggerListener.log Command line argument: -Djava.protocol.handler.pkgs=org.apache.catalina.webresources
19-Nov-2025 12:59:06.998 INFO [main] org.apache.catalina.startup.VersionLoggerListener.log Command line argument: -Dignore.endorsed.dirs=
19-Nov-2025 12:59:06.999 INFO [main] org.apache.catalina.startup.VersionLoggerListener.log Command line argument: -Dcatalina.base=C:\Users\IET\Desktop\250845920096\apache-tomcat-9.0.89-windows-x64\apache-tomcat-9.0.89
19-Nov-2025 12:59:06.999 INFO [main] org.apache.catalina.startup.VersionLoggerListener.log Command line argument: -Dcatalina.home=C:\Users\IET\Desktop\250845920096\apache-tomcat-9.0.89-windows-x64\apache-tomcat-9.0.89
19-Nov-2025 12:59:07.000 INFO [main] org.apache.catalina.startup.VersionLoggerListener.log Command line argument: -Djava.io.tmpdir=C:\Users\IET\Desktop\250845920096\apache-tomcat-9.0.89-windows-x64\apache-tomcat-9.0.89\temp
19-Nov-2025 12:59:07.005 INFO [main] org.apache.catalina.core.AprLifecycleListener.lifecycleEvent Loaded Apache Tomcat Native library [1.3.0] using APR version [1.7.4].
19-Nov-2025 12:59:07.006 INFO [main] org.apache.catalina.core.AprLifecycleListener.lifecycleEvent APR capabilities: IPv6 [true], sendfile [true], accept filters [false], random [true], UDS [true].
19-Nov-2025 12:59:07.007 INFO [main] org.apache.catalina.core.AprLifecycleListener.lifecycleEvent APR/OpenSSL configuration: useAprConnector [false], useOpenSSL [true]
19-Nov-2025 12:59:07.016 INFO [main] org.apache.catalina.core.AprLifecycleListener.initializeSSL OpenSSL successfully initialized [OpenSSL 3.0.13 30 Jan 2024]
19-Nov-2025 12:59:07.462 INFO [main] org.apache.coyote.AbstractProtocol.init Initializing ProtocolHandler ["http-nio-8080"]
19-Nov-2025 12:59:07.487 SEVERE [main] org.apache.catalina.util.LifecycleBase.handleSubClassException Failed to initialize component [Connector["http-nio-8080"]]
	org.apache.catalina.LifecycleException: Protocol handler initialization failed
		at org.apache.catalina.connector.Connector.initInternal(Connector.java:1012)
		at org.apache.catalina.util.LifecycleBase.init(LifecycleBase.java:127)
		at org.apache.catalina.core.StandardService.initInternal(StandardService.java:525)
		at org.apache.catalina.util.LifecycleBase.init(LifecycleBase.java:127)
		at org.apache.catalina.core.StandardServer.initInternal(StandardServer.java:990)
		at org.apache.catalina.util.LifecycleBase.init(LifecycleBase.java:127)
		at org.apache.catalina.startup.Catalina.load(Catalina.java:686)
		at org.apache.catalina.startup.Catalina.load(Catalina.java:709)
		at java.base/jdk.internal.reflect.DirectMethodHandleAccessor.invoke(DirectMethodHandleAccessor.java:103)
		at java.base/java.lang.reflect.Method.invoke(Method.java:580)
		at org.apache.catalina.startup.Bootstrap.load(Bootstrap.java:302)
		at org.apache.catalina.startup.Bootstrap.main(Bootstrap.java:472)
	Caused by: java.net.BindException: Address already in use: bind
		at java.base/sun.nio.ch.Net.bind0(Native Method)
		at java.base/sun.nio.ch.Net.bind(Net.java:565)
		at java.base/sun.nio.ch.ServerSocketChannelImpl.netBind(ServerSocketChannelImpl.java:344)
		at java.base/sun.nio.ch.ServerSocketChannelImpl.bind(ServerSocketChannelImpl.java:301)
		at org.apache.tomcat.util.net.NioEndpoint.initServerSocket(NioEndpoint.java:268)
		at org.apache.tomcat.util.net.NioEndpoint.bind(NioEndpoint.java:223)
		at org.apache.tomcat.util.net.AbstractEndpoint.bindWithCleanup(AbstractEndpoint.java:1355)
		at org.apache.tomcat.util.net.AbstractEndpoint.init(AbstractEndpoint.java:1368)
		at org.apache.coyote.AbstractProtocol.init(AbstractProtocol.java:654)
		at org.apache.coyote.http11.AbstractHttp11Protocol.init(AbstractHttp11Protocol.java:75)
		at org.apache.catalina.connector.Connector.initInternal(Connector.java:1010)
		... 11 more
19-Nov-2025 12:59:07.489 INFO [main] org.apache.catalina.startup.Catalina.load Server initialization in [759] milliseconds
19-Nov-2025 12:59:07.555 INFO [main] org.apache.catalina.core.StandardService.startInternal Starting service [Catalina]
19-Nov-2025 12:59:07.557 INFO [main] org.apache.catalina.core.StandardEngine.startInternal Starting Servlet engine: [Apache Tomcat/9.0.89]
19-Nov-2025 12:59:07.573 INFO [main] org.apache.catalina.startup.HostConfig.deployDirectory Deploying web application directory [C:\Users\IET\Desktop\250845920096\apache-tomcat-9.0.89-windows-x64\apache-tomcat-9.0.89\webapps\docs]
19-Nov-2025 12:59:07.986 INFO [main] org.apache.catalina.startup.HostConfig.deployDirectory Deployment of web application directory [C:\Users\IET\Desktop\250845920096\apache-tomcat-9.0.89-windows-x64\apache-tomcat-9.0.89\webapps\docs] has finished in [412] ms
19-Nov-2025 12:59:07.987 INFO [main] org.apache.catalina.startup.HostConfig.deployDirectory Deploying web application directory [C:\Users\IET\Desktop\250845920096\apache-tomcat-9.0.89-windows-x64\apache-tomcat-9.0.89\webapps\examples]
19-Nov-2025 12:59:08.661 INFO [main] org.apache.catalina.startup.HostConfig.deployDirectory Deployment of web application directory [C:\Users\IET\Desktop\250845920096\apache-tomcat-9.0.89-windows-x64\apache-tomcat-9.0.89\webapps\examples] has finished in [673] ms
19-Nov-2025 12:59:08.661 INFO [main] org.apache.catalina.startup.HostConfig.deployDirectory Deploying web application directory [C:\Users\IET\Desktop\250845920096\apache-tomcat-9.0.89-windows-x64\apache-tomcat-9.0.89\webapps\host-manager]
19-Nov-2025 12:59:08.728 INFO [main] org.apache.catalina.startup.HostConfig.deployDirectory Deployment of web application directory [C:\Users\IET\Desktop\250845920096\apache-tomcat-9.0.89-windows-x64\apache-tomcat-9.0.89\webapps\host-manager] has finished in [67] ms
19-Nov-2025 12:59:08.729 INFO [main] org.apache.catalina.startup.HostConfig.deployDirectory Deploying web application directory [C:\Users\IET\Desktop\250845920096\apache-tomcat-9.0.89-windows-x64\apache-tomcat-9.0.89\webapps\manager]
19-Nov-2025 12:59:08.789 INFO [main] org.apache.catalina.startup.HostConfig.deployDirectory Deployment of web application directory [C:\Users\IET\Desktop\250845920096\apache-tomcat-9.0.89-windows-x64\apache-tomcat-9.0.89\webapps\manager] has finished in [60] ms
19-Nov-2025 12:59:08.791 INFO [main] org.apache.catalina.startup.HostConfig.deployDirectory Deploying web application directory [C:\Users\IET\Desktop\250845920096\apache-tomcat-9.0.89-windows-x64\apache-tomcat-9.0.89\webapps\myapp]
19-Nov-2025 12:59:08.845 INFO [main] org.apache.catalina.startup.HostConfig.deployDirectory Deployment of web application directory [C:\Users\IET\Desktop\250845920096\apache-tomcat-9.0.89-windows-x64\apache-tomcat-9.0.89\webapps\myapp] has finished in [53] ms
19-Nov-2025 12:59:08.846 INFO [main] org.apache.catalina.startup.HostConfig.deployDirectory Deploying web application directory [C:\Users\IET\Desktop\250845920096\apache-tomcat-9.0.89-windows-x64\apache-tomcat-9.0.89\webapps\ROOT]
19-Nov-2025 12:59:08.890 INFO [main] org.apache.catalina.startup.HostConfig.deployDirectory Deployment of web application directory [C:\Users\IET\Desktop\250845920096\apache-tomcat-9.0.89-windows-x64\apache-tomcat-9.0.89\webapps\ROOT] has finished in [44] ms
19-Nov-2025 12:59:08.900 INFO [main] org.apache.catalina.startup.Catalina.start Server startup in [1408] milliseconds
19-Nov-2025 12:59:08.912 SEVERE [main] org.apache.catalina.core.StandardServer.await Failed to create server shutdown socket on address [localhost] and port [8005] (base port [8005] and offset [0])
	java.net.BindException: Address already in use: bind
		at java.base/sun.nio.ch.Net.bind0(Native Method)
		at java.base/sun.nio.ch.Net.bind(Net.java:565)
		at java.base/sun.nio.ch.Net.bind(Net.java:554)
		at java.base/sun.nio.ch.NioSocketImpl.bind(NioSocketImpl.java:636)
		at java.base/java.net.ServerSocket.bind(ServerSocket.java:391)
		at java.base/java.net.ServerSocket.<init>(ServerSocket.java:278)
		at org.apache.catalina.core.StandardServer.await(StandardServer.java:541)
		at org.apache.catalina.startup.Catalina.await(Catalina.java:825)
		at org.apache.catalina.startup.Catalina.start(Catalina.java:773)
		at java.base/jdk.internal.reflect.DirectMethodHandleAccessor.invoke(DirectMethodHandleAccessor.java:103)
		at java.base/java.lang.reflect.Method.invoke(Method.java:580)
		at org.apache.catalina.startup.Bootstrap.start(Bootstrap.java:345)
		at org.apache.catalina.startup.Bootstrap.main(Bootstrap.java:473)
19-Nov-2025 12:59:08.915 INFO [main] org.apache.coyote.AbstractProtocol.pause Pausing ProtocolHandler ["http-nio-8080"]
19-Nov-2025 12:59:08.915 INFO [main] org.apache.catalina.core.StandardService.stopInternal Stopping service [Catalina]
19-Nov-2025 12:59:08.953 INFO [main] org.apache.coyote.AbstractProtocol.stop Stopping ProtocolHandler ["http-nio-8080"]
19-Nov-2025 12:59:08.955 INFO [main] org.apache.coyote.AbstractProtocol.destroy Destroying ProtocolHandler ["http-nio-8080"]
19-Nov-2025 12:59:57.512 INFO [main] org.apache.catalina.startup.VersionLoggerListener.log Server version name:   Apache Tomcat/9.0.89
19-Nov-2025 12:59:57.518 INFO [main] org.apache.catalina.startup.VersionLoggerListener.log Server built:          May 3 2024 20:22:11 UTC
19-Nov-2025 12:59:57.518 INFO [main] org.apache.catalina.startup.VersionLoggerListener.log Server version number: 9.0.89.0
19-Nov-2025 12:59:57.518 INFO [main] org.apache.catalina.startup.VersionLoggerListener.log OS Name:               Windows 10
19-Nov-2025 12:59:57.519 INFO [main] org.apache.catalina.startup.VersionLoggerListener.log OS Version:            10.0
19-Nov-2025 12:59:57.519 INFO [main] org.apache.catalina.startup.VersionLoggerListener.log Architecture:          amd64
19-Nov-2025 12:59:57.519 INFO [main] org.apache.catalina.startup.VersionLoggerListener.log Java Home:             C:\Program Files\Java\jdk-21
19-Nov-2025 12:59:57.519 INFO [main] org.apache.catalina.startup.VersionLoggerListener.log JVM Version:           21.0.8+12-LTS-250
19-Nov-2025 12:59:57.520 INFO [main] org.apache.catalina.startup.VersionLoggerListener.log JVM Vendor:            Oracle Corporation
19-Nov-2025 12:59:57.520 INFO [main] org.apache.catalina.startup.VersionLoggerListener.log CATALINA_BASE:         C:\Users\IET\Desktop\250845920096\apache-tomcat-9.0.89-windows-x64\apache-tomcat-9.0.89
19-Nov-2025 12:59:57.520 INFO [main] org.apache.catalina.startup.VersionLoggerListener.log CATALINA_HOME:         C:\Users\IET\Desktop\250845920096\apache-tomcat-9.0.89-windows-x64\apache-tomcat-9.0.89
19-Nov-2025 12:59:57.534 INFO [main] org.apache.catalina.startup.VersionLoggerListener.log Command line argument: --add-opens=java.base/java.lang=ALL-UNNAMED
19-Nov-2025 12:59:57.534 INFO [main] org.apache.catalina.startup.VersionLoggerListener.log Command line argument: --add-opens=java.base/java.io=ALL-UNNAMED
19-Nov-2025 12:59:57.535 INFO [main] org.apache.catalina.startup.VersionLoggerListener.log Command line argument: --add-opens=java.base/java.util=ALL-UNNAMED
19-Nov-2025 12:59:57.535 INFO [main] org.apache.catalina.startup.VersionLoggerListener.log Command line argument: --add-opens=java.base/java.util.concurrent=ALL-UNNAMED
19-Nov-2025 12:59:57.536 INFO [main] org.apache.catalina.startup.VersionLoggerListener.log Command line argument: --add-opens=java.rmi/sun.rmi.transport=ALL-UNNAMED
19-Nov-2025 12:59:57.536 INFO [main] org.apache.catalina.startup.VersionLoggerListener.log Command line argument: -Djava.util.logging.config.file=C:\Users\IET\Desktop\250845920096\apache-tomcat-9.0.89-windows-x64\apache-tomcat-9.0.89\conf\logging.properties
19-Nov-2025 12:59:57.537 INFO [main] org.apache.catalina.startup.VersionLoggerListener.log Command line argument: -Djava.util.logging.manager=org.apache.juli.ClassLoaderLogManager
19-Nov-2025 12:59:57.538 INFO [main] org.apache.catalina.startup.VersionLoggerListener.log Command line argument: -Djdk.tls.ephemeralDHKeySize=2048
19-Nov-2025 12:59:57.539 INFO [main] org.apache.catalina.startup.VersionLoggerListener.log Command line argument: -Djava.protocol.handler.pkgs=org.apache.catalina.webresources
19-Nov-2025 12:59:57.539 INFO [main] org.apache.catalina.startup.VersionLoggerListener.log Command line argument: -Dignore.endorsed.dirs=
19-Nov-2025 12:59:57.540 INFO [main] org.apache.catalina.startup.VersionLoggerListener.log Command line argument: -Dcatalina.base=C:\Users\IET\Desktop\250845920096\apache-tomcat-9.0.89-windows-x64\apache-tomcat-9.0.89
19-Nov-2025 12:59:57.540 INFO [main] org.apache.catalina.startup.VersionLoggerListener.log Command line argument: -Dcatalina.home=C:\Users\IET\Desktop\250845920096\apache-tomcat-9.0.89-windows-x64\apache-tomcat-9.0.89
19-Nov-2025 12:59:57.541 INFO [main] org.apache.catalina.startup.VersionLoggerListener.log Command line argument: -Djava.io.tmpdir=C:\Users\IET\Desktop\250845920096\apache-tomcat-9.0.89-windows-x64\apache-tomcat-9.0.89\temp
19-Nov-2025 12:59:57.546 INFO [main] org.apache.catalina.core.AprLifecycleListener.lifecycleEvent Loaded Apache Tomcat Native library [1.3.0] using APR version [1.7.4].
19-Nov-2025 12:59:57.550 INFO [main] org.apache.catalina.core.AprLifecycleListener.lifecycleEvent APR capabilities: IPv6 [true], sendfile [true], accept filters [false], random [true], UDS [true].
19-Nov-2025 12:59:57.550 INFO [main] org.apache.catalina.core.AprLifecycleListener.lifecycleEvent APR/OpenSSL configuration: useAprConnector [false], useOpenSSL [true]
19-Nov-2025 12:59:57.560 INFO [main] org.apache.catalina.core.AprLifecycleListener.initializeSSL OpenSSL successfully initialized [OpenSSL 3.0.13 30 Jan 2024]
19-Nov-2025 12:59:58.009 INFO [main] org.apache.coyote.AbstractProtocol.init Initializing ProtocolHandler ["http-nio-8080"]
19-Nov-2025 12:59:58.051 INFO [main] org.apache.catalina.startup.Catalina.load Server initialization in [779] milliseconds
19-Nov-2025 12:59:58.126 INFO [main] org.apache.catalina.core.StandardService.startInternal Starting service [Catalina]
19-Nov-2025 12:59:58.128 INFO [main] org.apache.catalina.core.StandardEngine.startInternal Starting Servlet engine: [Apache Tomcat/9.0.89]
19-Nov-2025 12:59:58.141 INFO [main] org.apache.catalina.startup.HostConfig.deployDirectory Deploying web application directory [C:\Users\IET\Desktop\250845920096\apache-tomcat-9.0.89-windows-x64\apache-tomcat-9.0.89\webapps\docs]
19-Nov-2025 12:59:58.552 INFO [main] org.apache.catalina.startup.HostConfig.deployDirectory Deployment of web application directory [C:\Users\IET\Desktop\250845920096\apache-tomcat-9.0.89-windows-x64\apache-tomcat-9.0.89\webapps\docs] has finished in [411] ms
19-Nov-2025 12:59:58.553 INFO [main] org.apache.catalina.startup.HostConfig.deployDirectory Deploying web application directory [C:\Users\IET\Desktop\250845920096\apache-tomcat-9.0.89-windows-x64\apache-tomcat-9.0.89\webapps\examples]
19-Nov-2025 12:59:59.225 INFO [main] org.apache.catalina.startup.HostConfig.deployDirectory Deployment of web application directory [C:\Users\IET\Desktop\250845920096\apache-tomcat-9.0.89-windows-x64\apache-tomcat-9.0.89\webapps\examples] has finished in [672] ms
19-Nov-2025 12:59:59.227 INFO [main] org.apache.catalina.startup.HostConfig.deployDirectory Deploying web application directory [C:\Users\IET\Desktop\250845920096\apache-tomcat-9.0.89-windows-x64\apache-tomcat-9.0.89\webapps\host-manager]
19-Nov-2025 12:59:59.291 INFO [main] org.apache.catalina.startup.HostConfig.deployDirectory Deployment of web application directory [C:\Users\IET\Desktop\250845920096\apache-tomcat-9.0.89-windows-x64\apache-tomcat-9.0.89\webapps\host-manager] has finished in [64] ms
19-Nov-2025 12:59:59.292 INFO [main] org.apache.catalina.startup.HostConfig.deployDirectory Deploying web application directory [C:\Users\IET\Desktop\250845920096\apache-tomcat-9.0.89-windows-x64\apache-tomcat-9.0.89\webapps\manager]
19-Nov-2025 12:59:59.354 INFO [main] org.apache.catalina.startup.HostConfig.deployDirectory Deployment of web application directory [C:\Users\IET\Desktop\250845920096\apache-tomcat-9.0.89-windows-x64\apache-tomcat-9.0.89\webapps\manager] has finished in [61] ms
19-Nov-2025 12:59:59.354 INFO [main] org.apache.catalina.startup.HostConfig.deployDirectory Deploying web application directory [C:\Users\IET\Desktop\250845920096\apache-tomcat-9.0.89-windows-x64\apache-tomcat-9.0.89\webapps\myapp]
19-Nov-2025 12:59:59.408 INFO [main] org.apache.catalina.startup.HostConfig.deployDirectory Deployment of web application directory [C:\Users\IET\Desktop\250845920096\apache-tomcat-9.0.89-windows-x64\apache-tomcat-9.0.89\webapps\myapp] has finished in [54] ms
19-Nov-2025 12:59:59.409 INFO [main] org.apache.catalina.startup.HostConfig.deployDirectory Deploying web application directory [C:\Users\IET\Desktop\250845920096\apache-tomcat-9.0.89-windows-x64\apache-tomcat-9.0.89\webapps\ROOT]
19-Nov-2025 12:59:59.448 INFO [main] org.apache.catalina.startup.HostConfig.deployDirectory Deployment of web application directory [C:\Users\IET\Desktop\250845920096\apache-tomcat-9.0.89-windows-x64\apache-tomcat-9.0.89\webapps\ROOT] has finished in [39] ms
19-Nov-2025 12:59:59.456 INFO [main] org.apache.coyote.AbstractProtocol.start Starting ProtocolHandler ["http-nio-8080"]
19-Nov-2025 12:59:59.486 INFO [main] org.apache.catalina.startup.Catalina.start Server startup in [1430] milliseconds
19-Nov-2025 13:04:56.856 INFO [main] org.apache.catalina.startup.VersionLoggerListener.log Server version name:   Apache Tomcat/9.0.89
19-Nov-2025 13:04:56.861 INFO [main] org.apache.catalina.startup.VersionLoggerListener.log Server built:          May 3 2024 20:22:11 UTC
19-Nov-2025 13:04:56.862 INFO [main] org.apache.catalina.startup.VersionLoggerListener.log Server version number: 9.0.89.0
19-Nov-2025 13:04:56.862 INFO [main] org.apache.catalina.startup.VersionLoggerListener.log OS Name:               Windows 10
19-Nov-2025 13:04:56.862 INFO [main] org.apache.catalina.startup.VersionLoggerListener.log OS Version:            10.0
19-Nov-2025 13:04:56.863 INFO [main] org.apache.catalina.startup.VersionLoggerListener.log Architecture:          amd64
19-Nov-2025 13:04:56.863 INFO [main] org.apache.catalina.startup.VersionLoggerListener.log Java Home:             C:\Program Files\Java\jdk-21
19-Nov-2025 13:04:56.863 INFO [main] org.apache.catalina.startup.VersionLoggerListener.log JVM Version:           21.0.8+12-LTS-250
19-Nov-2025 13:04:56.863 INFO [main] org.apache.catalina.startup.VersionLoggerListener.log JVM Vendor:            Oracle Corporation
19-Nov-2025 13:04:56.864 INFO [main] org.apache.catalina.startup.VersionLoggerListener.log CATALINA_BASE:         C:\Users\IET\Desktop\250845920096\apache-tomcat-9.0.89-windows-x64\apache-tomcat-9.0.89
19-Nov-2025 13:04:56.864 INFO [main] org.apache.catalina.startup.VersionLoggerListener.log CATALINA_HOME:         C:\Users\IET\Desktop\250845920096\apache-tomcat-9.0.89-windows-x64\apache-tomcat-9.0.89
19-Nov-2025 13:04:56.877 INFO [main] org.apache.catalina.startup.VersionLoggerListener.log Command line argument: --add-opens=java.base/java.lang=ALL-UNNAMED
19-Nov-2025 13:04:56.877 INFO [main] org.apache.catalina.startup.VersionLoggerListener.log Command line argument: --add-opens=java.base/java.io=ALL-UNNAMED
19-Nov-2025 13:04:56.878 INFO [main] org.apache.catalina.startup.VersionLoggerListener.log Command line argument: --add-opens=java.base/java.util=ALL-UNNAMED
19-Nov-2025 13:04:56.878 INFO [main] org.apache.catalina.startup.VersionLoggerListener.log Command line argument: --add-opens=java.base/java.util.concurrent=ALL-UNNAMED
19-Nov-2025 13:04:56.878 INFO [main] org.apache.catalina.startup.VersionLoggerListener.log Command line argument: --add-opens=java.rmi/sun.rmi.transport=ALL-UNNAMED
19-Nov-2025 13:04:56.879 INFO [main] org.apache.catalina.startup.VersionLoggerListener.log Command line argument: -Djava.util.logging.config.file=C:\Users\IET\Desktop\250845920096\apache-tomcat-9.0.89-windows-x64\apache-tomcat-9.0.89\conf\logging.properties
19-Nov-2025 13:04:56.880 INFO [main] org.apache.catalina.startup.VersionLoggerListener.log Command line argument: -Djava.util.logging.manager=org.apache.juli.ClassLoaderLogManager
19-Nov-2025 13:04:56.881 INFO [main] org.apache.catalina.startup.VersionLoggerListener.log Command line argument: -Djdk.tls.ephemeralDHKeySize=2048
19-Nov-2025 13:04:56.882 INFO [main] org.apache.catalina.startup.VersionLoggerListener.log Command line argument: -Djava.protocol.handler.pkgs=org.apache.catalina.webresources
19-Nov-2025 13:04:56.882 INFO [main] org.apache.catalina.startup.VersionLoggerListener.log Command line argument: -Dignore.endorsed.dirs=
19-Nov-2025 13:04:56.883 INFO [main] org.apache.catalina.startup.VersionLoggerListener.log Command line argument: -Dcatalina.base=C:\Users\IET\Desktop\250845920096\apache-tomcat-9.0.89-windows-x64\apache-tomcat-9.0.89
19-Nov-2025 13:04:56.883 INFO [main] org.apache.catalina.startup.VersionLoggerListener.log Command line argument: -Dcatalina.home=C:\Users\IET\Desktop\250845920096\apache-tomcat-9.0.89-windows-x64\apache-tomcat-9.0.89
19-Nov-2025 13:04:56.884 INFO [main] org.apache.catalina.startup.VersionLoggerListener.log Command line argument: -Djava.io.tmpdir=C:\Users\IET\Desktop\250845920096\apache-tomcat-9.0.89-windows-x64\apache-tomcat-9.0.89\temp
19-Nov-2025 13:04:56.889 INFO [main] org.apache.catalina.core.AprLifecycleListener.lifecycleEvent Loaded Apache Tomcat Native library [1.3.0] using APR version [1.7.4].
19-Nov-2025 13:04:56.889 INFO [main] org.apache.catalina.core.AprLifecycleListener.lifecycleEvent APR capabilities: IPv6 [true], sendfile [true], accept filters [false], random [true], UDS [true].
19-Nov-2025 13:04:56.890 INFO [main] org.apache.catalina.core.AprLifecycleListener.lifecycleEvent APR/OpenSSL configuration: useAprConnector [false], useOpenSSL [true]
19-Nov-2025 13:04:56.901 INFO [main] org.apache.catalina.core.AprLifecycleListener.initializeSSL OpenSSL successfully initialized [OpenSSL 3.0.13 30 Jan 2024]
19-Nov-2025 13:04:57.355 INFO [main] org.apache.coyote.AbstractProtocol.init Initializing ProtocolHandler ["http-nio-8080"]
19-Nov-2025 13:04:57.379 SEVERE [main] org.apache.catalina.util.LifecycleBase.handleSubClassException Failed to initialize component [Connector["http-nio-8080"]]
	org.apache.catalina.LifecycleException: Protocol handler initialization failed
		at org.apache.catalina.connector.Connector.initInternal(Connector.java:1012)
		at org.apache.catalina.util.LifecycleBase.init(LifecycleBase.java:127)
		at org.apache.catalina.core.StandardService.initInternal(StandardService.java:525)
		at org.apache.catalina.util.LifecycleBase.init(LifecycleBase.java:127)
		at org.apache.catalina.core.StandardServer.initInternal(StandardServer.java:990)
		at org.apache.catalina.util.LifecycleBase.init(LifecycleBase.java:127)
		at org.apache.catalina.startup.Catalina.load(Catalina.java:686)
		at org.apache.catalina.startup.Catalina.load(Catalina.java:709)
		at java.base/jdk.internal.reflect.DirectMethodHandleAccessor.invoke(DirectMethodHandleAccessor.java:103)
		at java.base/java.lang.reflect.Method.invoke(Method.java:580)
		at org.apache.catalina.startup.Bootstrap.load(Bootstrap.java:302)
		at org.apache.catalina.startup.Bootstrap.main(Bootstrap.java:472)
	Caused by: java.net.BindException: Address already in use: bind
		at java.base/sun.nio.ch.Net.bind0(Native Method)
		at java.base/sun.nio.ch.Net.bind(Net.java:565)
		at java.base/sun.nio.ch.ServerSocketChannelImpl.netBind(ServerSocketChannelImpl.java:344)
		at java.base/sun.nio.ch.ServerSocketChannelImpl.bind(ServerSocketChannelImpl.java:301)
		at org.apache.tomcat.util.net.NioEndpoint.initServerSocket(NioEndpoint.java:268)
		at org.apache.tomcat.util.net.NioEndpoint.bind(NioEndpoint.java:223)
		at org.apache.tomcat.util.net.AbstractEndpoint.bindWithCleanup(AbstractEndpoint.java:1355)
		at org.apache.tomcat.util.net.AbstractEndpoint.init(AbstractEndpoint.java:1368)
		at org.apache.coyote.AbstractProtocol.init(AbstractProtocol.java:654)
		at org.apache.coyote.http11.AbstractHttp11Protocol.init(AbstractHttp11Protocol.java:75)
		at org.apache.catalina.connector.Connector.initInternal(Connector.java:1010)
		... 11 more
19-Nov-2025 13:04:57.382 INFO [main] org.apache.catalina.startup.Catalina.load Server initialization in [772] milliseconds
19-Nov-2025 13:04:57.452 INFO [main] org.apache.catalina.core.StandardService.startInternal Starting service [Catalina]
19-Nov-2025 13:04:57.452 INFO [main] org.apache.catalina.core.StandardEngine.startInternal Starting Servlet engine: [Apache Tomcat/9.0.89]
19-Nov-2025 13:04:57.465 INFO [main] org.apache.catalina.startup.HostConfig.deployDirectory Deploying web application directory [C:\Users\IET\Desktop\250845920096\apache-tomcat-9.0.89-windows-x64\apache-tomcat-9.0.89\webapps\docs]
19-Nov-2025 13:04:57.874 INFO [main] org.apache.catalina.startup.HostConfig.deployDirectory Deployment of web application directory [C:\Users\IET\Desktop\250845920096\apache-tomcat-9.0.89-windows-x64\apache-tomcat-9.0.89\webapps\docs] has finished in [408] ms
19-Nov-2025 13:04:57.875 INFO [main] org.apache.catalina.startup.HostConfig.deployDirectory Deploying web application directory [C:\Users\IET\Desktop\250845920096\apache-tomcat-9.0.89-windows-x64\apache-tomcat-9.0.89\webapps\examples]
19-Nov-2025 13:04:58.569 INFO [main] org.apache.catalina.startup.HostConfig.deployDirectory Deployment of web application directory [C:\Users\IET\Desktop\250845920096\apache-tomcat-9.0.89-windows-x64\apache-tomcat-9.0.89\webapps\examples] has finished in [695] ms
19-Nov-2025 13:04:58.570 INFO [main] org.apache.catalina.startup.HostConfig.deployDirectory Deploying web application directory [C:\Users\IET\Desktop\250845920096\apache-tomcat-9.0.89-windows-x64\apache-tomcat-9.0.89\webapps\host-manager]
19-Nov-2025 13:04:58.635 INFO [main] org.apache.catalina.startup.HostConfig.deployDirectory Deployment of web application directory [C:\Users\IET\Desktop\250845920096\apache-tomcat-9.0.89-windows-x64\apache-tomcat-9.0.89\webapps\host-manager] has finished in [65] ms
19-Nov-2025 13:04:58.637 INFO [main] org.apache.catalina.startup.HostConfig.deployDirectory Deploying web application directory [C:\Users\IET\Desktop\250845920096\apache-tomcat-9.0.89-windows-x64\apache-tomcat-9.0.89\webapps\manager]
19-Nov-2025 13:04:58.696 INFO [main] org.apache.catalina.startup.HostConfig.deployDirectory Deployment of web application directory [C:\Users\IET\Desktop\250845920096\apache-tomcat-9.0.89-windows-x64\apache-tomcat-9.0.89\webapps\manager] has finished in [60] ms
19-Nov-2025 13:04:58.698 INFO [main] org.apache.catalina.startup.HostConfig.deployDirectory Deploying web application directory [C:\Users\IET\Desktop\250845920096\apache-tomcat-9.0.89-windows-x64\apache-tomcat-9.0.89\webapps\myapp]
19-Nov-2025 13:04:58.747 INFO [main] org.apache.catalina.startup.HostConfig.deployDirectory Deployment of web application directory [C:\Users\IET\Desktop\250845920096\apache-tomcat-9.0.89-windows-x64\apache-tomcat-9.0.89\webapps\myapp] has finished in [50] ms
19-Nov-2025 13:04:58.748 INFO [main] org.apache.catalina.startup.HostConfig.deployDirectory Deploying web application directory [C:\Users\IET\Desktop\250845920096\apache-tomcat-9.0.89-windows-x64\apache-tomcat-9.0.89\webapps\ROOT]
19-Nov-2025 13:04:58.789 INFO [main] org.apache.catalina.startup.HostConfig.deployDirectory Deployment of web application directory [C:\Users\IET\Desktop\250845920096\apache-tomcat-9.0.89-windows-x64\apache-tomcat-9.0.89\webapps\ROOT] has finished in [41] ms
19-Nov-2025 13:04:58.805 INFO [main] org.apache.catalina.startup.Catalina.start Server startup in [1420] milliseconds
19-Nov-2025 13:04:58.814 SEVERE [main] org.apache.catalina.core.StandardServer.await Failed to create server shutdown socket on address [localhost] and port [8005] (base port [8005] and offset [0])
	java.net.BindException: Address already in use: bind
		at java.base/sun.nio.ch.Net.bind0(Native Method)
		at java.base/sun.nio.ch.Net.bind(Net.java:565)
		at java.base/sun.nio.ch.Net.bind(Net.java:554)
		at java.base/sun.nio.ch.NioSocketImpl.bind(NioSocketImpl.java:636)
		at java.base/java.net.ServerSocket.bind(ServerSocket.java:391)
		at java.base/java.net.ServerSocket.<init>(ServerSocket.java:278)
		at org.apache.catalina.core.StandardServer.await(StandardServer.java:541)
		at org.apache.catalina.startup.Catalina.await(Catalina.java:825)
		at org.apache.catalina.startup.Catalina.start(Catalina.java:773)
		at java.base/jdk.internal.reflect.DirectMethodHandleAccessor.invoke(DirectMethodHandleAccessor.java:103)
		at java.base/java.lang.reflect.Method.invoke(Method.java:580)
		at org.apache.catalina.startup.Bootstrap.start(Bootstrap.java:345)
		at org.apache.catalina.startup.Bootstrap.main(Bootstrap.java:473)
19-Nov-2025 13:04:58.815 INFO [main] org.apache.coyote.AbstractProtocol.pause Pausing ProtocolHandler ["http-nio-8080"]
19-Nov-2025 13:04:58.815 INFO [main] org.apache.catalina.core.StandardService.stopInternal Stopping service [Catalina]
19-Nov-2025 13:04:58.846 INFO [main] org.apache.coyote.AbstractProtocol.stop Stopping ProtocolHandler ["http-nio-8080"]
19-Nov-2025 13:04:58.849 INFO [main] org.apache.coyote.AbstractProtocol.destroy Destroying ProtocolHandler ["http-nio-8080"]
19-Nov-2025 13:05:28.609 INFO [main] org.apache.catalina.startup.VersionLoggerListener.log Server version name:   Apache Tomcat/9.0.89
19-Nov-2025 13:05:28.614 INFO [main] org.apache.catalina.startup.VersionLoggerListener.log Server built:          May 3 2024 20:22:11 UTC
19-Nov-2025 13:05:28.615 INFO [main] org.apache.catalina.startup.VersionLoggerListener.log Server version number: 9.0.89.0
19-Nov-2025 13:05:28.615 INFO [main] org.apache.catalina.startup.VersionLoggerListener.log OS Name:               Windows 10
19-Nov-2025 13:05:28.615 INFO [main] org.apache.catalina.startup.VersionLoggerListener.log OS Version:            10.0
19-Nov-2025 13:05:28.615 INFO [main] org.apache.catalina.startup.VersionLoggerListener.log Architecture:          amd64
19-Nov-2025 13:05:28.616 INFO [main] org.apache.catalina.startup.VersionLoggerListener.log Java Home:             C:\Program Files\Java\jdk-21
19-Nov-2025 13:05:28.616 INFO [main] org.apache.catalina.startup.VersionLoggerListener.log JVM Version:           21.0.8+12-LTS-250
19-Nov-2025 13:05:28.616 INFO [main] org.apache.catalina.startup.VersionLoggerListener.log JVM Vendor:            Oracle Corporation
19-Nov-2025 13:05:28.616 INFO [main] org.apache.catalina.startup.VersionLoggerListener.log CATALINA_BASE:         C:\Users\IET\Desktop\250845920096\apache-tomcat-9.0.89-windows-x64\apache-tomcat-9.0.89
19-Nov-2025 13:05:28.617 INFO [main] org.apache.catalina.startup.VersionLoggerListener.log CATALINA_HOME:         C:\Users\IET\Desktop\250845920096\apache-tomcat-9.0.89-windows-x64\apache-tomcat-9.0.89
19-Nov-2025 13:05:28.629 INFO [main] org.apache.catalina.startup.VersionLoggerListener.log Command line argument: --add-opens=java.base/java.lang=ALL-UNNAMED
19-Nov-2025 13:05:28.630 INFO [main] org.apache.catalina.startup.VersionLoggerListener.log Command line argument: --add-opens=java.base/java.io=ALL-UNNAMED
19-Nov-2025 13:05:28.631 INFO [main] org.apache.catalina.startup.VersionLoggerListener.log Command line argument: --add-opens=java.base/java.util=ALL-UNNAMED
19-Nov-2025 13:05:28.631 INFO [main] org.apache.catalina.startup.VersionLoggerListener.log Command line argument: --add-opens=java.base/java.util.concurrent=ALL-UNNAMED
19-Nov-2025 13:05:28.631 INFO [main] org.apache.catalina.startup.VersionLoggerListener.log Command line argument: --add-opens=java.rmi/sun.rmi.transport=ALL-UNNAMED
19-Nov-2025 13:05:28.632 INFO [main] org.apache.catalina.startup.VersionLoggerListener.log Command line argument: -Djava.util.logging.config.file=C:\Users\IET\Desktop\250845920096\apache-tomcat-9.0.89-windows-x64\apache-tomcat-9.0.89\conf\logging.properties
19-Nov-2025 13:05:28.632 INFO [main] org.apache.catalina.startup.VersionLoggerListener.log Command line argument: -Djava.util.logging.manager=org.apache.juli.ClassLoaderLogManager
19-Nov-2025 13:05:28.633 INFO [main] org.apache.catalina.startup.VersionLoggerListener.log Command line argument: -Djdk.tls.ephemeralDHKeySize=2048
19-Nov-2025 13:05:28.634 INFO [main] org.apache.catalina.startup.VersionLoggerListener.log Command line argument: -Djava.protocol.handler.pkgs=org.apache.catalina.webresources
19-Nov-2025 13:05:28.634 INFO [main] org.apache.catalina.startup.VersionLoggerListener.log Command line argument: -Dignore.endorsed.dirs=
19-Nov-2025 13:05:28.635 INFO [main] org.apache.catalina.startup.VersionLoggerListener.log Command line argument: -Dcatalina.base=C:\Users\IET\Desktop\250845920096\apache-tomcat-9.0.89-windows-x64\apache-tomcat-9.0.89
19-Nov-2025 13:05:28.635 INFO [main] org.apache.catalina.startup.VersionLoggerListener.log Command line argument: -Dcatalina.home=C:\Users\IET\Desktop\250845920096\apache-tomcat-9.0.89-windows-x64\apache-tomcat-9.0.89
19-Nov-2025 13:05:28.636 INFO [main] org.apache.catalina.startup.VersionLoggerListener.log Command line argument: -Djava.io.tmpdir=C:\Users\IET\Desktop\250845920096\apache-tomcat-9.0.89-windows-x64\apache-tomcat-9.0.89\temp
19-Nov-2025 13:05:28.641 INFO [main] org.apache.catalina.core.AprLifecycleListener.lifecycleEvent Loaded Apache Tomcat Native library [1.3.0] using APR version [1.7.4].
19-Nov-2025 13:05:28.641 INFO [main] org.apache.catalina.core.AprLifecycleListener.lifecycleEvent APR capabilities: IPv6 [true], sendfile [true], accept filters [false], random [true], UDS [true].
19-Nov-2025 13:05:28.642 INFO [main] org.apache.catalina.core.AprLifecycleListener.lifecycleEvent APR/OpenSSL configuration: useAprConnector [false], useOpenSSL [true]
19-Nov-2025 13:05:28.650 INFO [main] org.apache.catalina.core.AprLifecycleListener.initializeSSL OpenSSL successfully initialized [OpenSSL 3.0.13 30 Jan 2024]
19-Nov-2025 13:05:29.098 INFO [main] org.apache.coyote.AbstractProtocol.init Initializing ProtocolHandler ["http-nio-8080"]
19-Nov-2025 13:05:29.123 SEVERE [main] org.apache.catalina.util.LifecycleBase.handleSubClassException Failed to initialize component [Connector["http-nio-8080"]]
	org.apache.catalina.LifecycleException: Protocol handler initialization failed
		at org.apache.catalina.connector.Connector.initInternal(Connector.java:1012)
		at org.apache.catalina.util.LifecycleBase.init(LifecycleBase.java:127)
		at org.apache.catalina.core.StandardService.initInternal(StandardService.java:525)
		at org.apache.catalina.util.LifecycleBase.init(LifecycleBase.java:127)
		at org.apache.catalina.core.StandardServer.initInternal(StandardServer.java:990)
		at org.apache.catalina.util.LifecycleBase.init(LifecycleBase.java:127)
		at org.apache.catalina.startup.Catalina.load(Catalina.java:686)
		at org.apache.catalina.startup.Catalina.load(Catalina.java:709)
		at java.base/jdk.internal.reflect.DirectMethodHandleAccessor.invoke(DirectMethodHandleAccessor.java:103)
		at java.base/java.lang.reflect.Method.invoke(Method.java:580)
		at org.apache.catalina.startup.Bootstrap.load(Bootstrap.java:302)
		at org.apache.catalina.startup.Bootstrap.main(Bootstrap.java:472)
	Caused by: java.net.BindException: Address already in use: bind
		at java.base/sun.nio.ch.Net.bind0(Native Method)
		at java.base/sun.nio.ch.Net.bind(Net.java:565)
		at java.base/sun.nio.ch.ServerSocketChannelImpl.netBind(ServerSocketChannelImpl.java:344)
		at java.base/sun.nio.ch.ServerSocketChannelImpl.bind(ServerSocketChannelImpl.java:301)
		at org.apache.tomcat.util.net.NioEndpoint.initServerSocket(NioEndpoint.java:268)
		at org.apache.tomcat.util.net.NioEndpoint.bind(NioEndpoint.java:223)
		at org.apache.tomcat.util.net.AbstractEndpoint.bindWithCleanup(AbstractEndpoint.java:1355)
		at org.apache.tomcat.util.net.AbstractEndpoint.init(AbstractEndpoint.java:1368)
		at org.apache.coyote.AbstractProtocol.init(AbstractProtocol.java:654)
		at org.apache.coyote.http11.AbstractHttp11Protocol.init(AbstractHttp11Protocol.java:75)
		at org.apache.catalina.connector.Connector.initInternal(Connector.java:1010)
		... 11 more
19-Nov-2025 13:05:29.125 INFO [main] org.apache.catalina.startup.Catalina.load Server initialization in [771] milliseconds
19-Nov-2025 13:05:29.200 INFO [main] org.apache.catalina.core.StandardService.startInternal Starting service [Catalina]
19-Nov-2025 13:05:29.201 INFO [main] org.apache.catalina.core.StandardEngine.startInternal Starting Servlet engine: [Apache Tomcat/9.0.89]
19-Nov-2025 13:05:29.218 INFO [main] org.apache.catalina.startup.HostConfig.deployDirectory Deploying web application directory [C:\Users\IET\Desktop\250845920096\apache-tomcat-9.0.89-windows-x64\apache-tomcat-9.0.89\webapps\docs]
19-Nov-2025 13:05:29.624 INFO [main] org.apache.catalina.startup.HostConfig.deployDirectory Deployment of web application directory [C:\Users\IET\Desktop\250845920096\apache-tomcat-9.0.89-windows-x64\apache-tomcat-9.0.89\webapps\docs] has finished in [405] ms
19-Nov-2025 13:05:29.624 INFO [main] org.apache.catalina.startup.HostConfig.deployDirectory Deploying web application directory [C:\Users\IET\Desktop\250845920096\apache-tomcat-9.0.89-windows-x64\apache-tomcat-9.0.89\webapps\examples]
19-Nov-2025 13:05:30.300 INFO [main] org.apache.catalina.startup.HostConfig.deployDirectory Deployment of web application directory [C:\Users\IET\Desktop\250845920096\apache-tomcat-9.0.89-windows-x64\apache-tomcat-9.0.89\webapps\examples] has finished in [675] ms
19-Nov-2025 13:05:30.300 INFO [main] org.apache.catalina.startup.HostConfig.deployDirectory Deploying web application directory [C:\Users\IET\Desktop\250845920096\apache-tomcat-9.0.89-windows-x64\apache-tomcat-9.0.89\webapps\host-manager]
19-Nov-2025 13:05:30.370 INFO [main] org.apache.catalina.startup.HostConfig.deployDirectory Deployment of web application directory [C:\Users\IET\Desktop\250845920096\apache-tomcat-9.0.89-windows-x64\apache-tomcat-9.0.89\webapps\host-manager] has finished in [70] ms
19-Nov-2025 13:05:30.371 INFO [main] org.apache.catalina.startup.HostConfig.deployDirectory Deploying web application directory [C:\Users\IET\Desktop\250845920096\apache-tomcat-9.0.89-windows-x64\apache-tomcat-9.0.89\webapps\manager]
19-Nov-2025 13:05:30.441 INFO [main] org.apache.catalina.startup.HostConfig.deployDirectory Deployment of web application directory [C:\Users\IET\Desktop\250845920096\apache-tomcat-9.0.89-windows-x64\apache-tomcat-9.0.89\webapps\manager] has finished in [69] ms
19-Nov-2025 13:05:30.442 INFO [main] org.apache.catalina.startup.HostConfig.deployDirectory Deploying web application directory [C:\Users\IET\Desktop\250845920096\apache-tomcat-9.0.89-windows-x64\apache-tomcat-9.0.89\webapps\myapp]
19-Nov-2025 13:05:30.494 INFO [main] org.apache.catalina.startup.HostConfig.deployDirectory Deployment of web application directory [C:\Users\IET\Desktop\250845920096\apache-tomcat-9.0.89-windows-x64\apache-tomcat-9.0.89\webapps\myapp] has finished in [52] ms
19-Nov-2025 13:05:30.495 INFO [main] org.apache.catalina.startup.HostConfig.deployDirectory Deploying web application directory [C:\Users\IET\Desktop\250845920096\apache-tomcat-9.0.89-windows-x64\apache-tomcat-9.0.89\webapps\ROOT]
19-Nov-2025 13:05:30.540 INFO [main] org.apache.catalina.startup.HostConfig.deployDirectory Deployment of web application directory [C:\Users\IET\Desktop\250845920096\apache-tomcat-9.0.89-windows-x64\apache-tomcat-9.0.89\webapps\ROOT] has finished in [46] ms
19-Nov-2025 13:05:30.549 INFO [main] org.apache.catalina.startup.Catalina.start Server startup in [1420] milliseconds
19-Nov-2025 13:05:30.559 SEVERE [main] org.apache.catalina.core.StandardServer.await Failed to create server shutdown socket on address [localhost] and port [8005] (base port [8005] and offset [0])
	java.net.BindException: Address already in use: bind
		at java.base/sun.nio.ch.Net.bind0(Native Method)
		at java.base/sun.nio.ch.Net.bind(Net.java:565)
		at java.base/sun.nio.ch.Net.bind(Net.java:554)
		at java.base/sun.nio.ch.NioSocketImpl.bind(NioSocketImpl.java:636)
		at java.base/java.net.ServerSocket.bind(ServerSocket.java:391)
		at java.base/java.net.ServerSocket.<init>(ServerSocket.java:278)
		at org.apache.catalina.core.StandardServer.await(StandardServer.java:541)
		at org.apache.catalina.startup.Catalina.await(Catalina.java:825)
		at org.apache.catalina.startup.Catalina.start(Catalina.java:773)
		at java.base/jdk.internal.reflect.DirectMethodHandleAccessor.invoke(DirectMethodHandleAccessor.java:103)
		at java.base/java.lang.reflect.Method.invoke(Method.java:580)
		at org.apache.catalina.startup.Bootstrap.start(Bootstrap.java:345)
		at org.apache.catalina.startup.Bootstrap.main(Bootstrap.java:473)
19-Nov-2025 13:05:30.560 INFO [main] org.apache.coyote.AbstractProtocol.pause Pausing ProtocolHandler ["http-nio-8080"]
19-Nov-2025 13:05:30.560 INFO [main] org.apache.catalina.core.StandardService.stopInternal Stopping service [Catalina]
19-Nov-2025 13:05:30.600 INFO [main] org.apache.coyote.AbstractProtocol.stop Stopping ProtocolHandler ["http-nio-8080"]
19-Nov-2025 13:05:30.603 INFO [main] org.apache.coyote.AbstractProtocol.destroy Destroying ProtocolHandler ["http-nio-8080"]
