20-Nov-2025 09:36:36.441 INFO [main] org.apache.catalina.startup.VersionLoggerListener.log Server version name:   Apache Tomcat/9.0.89
20-Nov-2025 09:36:36.451 INFO [main] org.apache.catalina.startup.VersionLoggerListener.log Server built:          May 3 2024 20:22:11 UTC
20-Nov-2025 09:36:36.453 INFO [main] org.apache.catalina.startup.VersionLoggerListener.log Server version number: 9.0.89.0
20-Nov-2025 09:36:36.455 INFO [main] org.apache.catalina.startup.VersionLoggerListener.log OS Name:               Windows 10
20-Nov-2025 09:36:36.455 INFO [main] org.apache.catalina.startup.VersionLoggerListener.log OS Version:            10.0
20-Nov-2025 09:36:36.459 INFO [main] org.apache.catalina.startup.VersionLoggerListener.log Architecture:          amd64
20-Nov-2025 09:36:36.460 INFO [main] org.apache.catalina.startup.VersionLoggerListener.log Java Home:             C:\Program Files\Java\jdk-21
20-Nov-2025 09:36:36.460 INFO [main] org.apache.catalina.startup.VersionLoggerListener.log JVM Version:           21.0.8+12-LTS-250
20-Nov-2025 09:36:36.461 INFO [main] org.apache.catalina.startup.VersionLoggerListener.log JVM Vendor:            Oracle Corporation
20-Nov-2025 09:36:36.461 INFO [main] org.apache.catalina.startup.VersionLoggerListener.log CATALINA_BASE:         C:\Users\IET\Desktop\250845920096\apache-tomcat-9.0.89-windows-x64\apache-tomcat-9.0.89
20-Nov-2025 09:36:36.462 INFO [main] org.apache.catalina.startup.VersionLoggerListener.log CATALINA_HOME:         C:\Users\IET\Desktop\250845920096\apache-tomcat-9.0.89-windows-x64\apache-tomcat-9.0.89
20-Nov-2025 09:36:36.467 INFO [main] org.apache.catalina.startup.VersionLoggerListener.log Command line argument: --add-opens=java.base/java.lang=ALL-UNNAMED
20-Nov-2025 09:36:36.467 INFO [main] org.apache.catalina.startup.VersionLoggerListener.log Command line argument: --add-opens=java.base/java.io=ALL-UNNAMED
20-Nov-2025 09:36:36.468 INFO [main] org.apache.catalina.startup.VersionLoggerListener.log Command line argument: --add-opens=java.base/java.util=ALL-UNNAMED
20-Nov-2025 09:36:36.468 INFO [main] org.apache.catalina.startup.VersionLoggerListener.log Command line argument: --add-opens=java.base/java.util.concurrent=ALL-UNNAMED
20-Nov-2025 09:36:36.469 INFO [main] org.apache.catalina.startup.VersionLoggerListener.log Command line argument: --add-opens=java.rmi/sun.rmi.transport=ALL-UNNAMED
20-Nov-2025 09:36:36.473 INFO [main] org.apache.catalina.startup.VersionLoggerListener.log Command line argument: -Djava.util.logging.config.file=C:\Users\IET\Desktop\250845920096\apache-tomcat-9.0.89-windows-x64\apache-tomcat-9.0.89\conf\logging.properties
20-Nov-2025 09:36:36.475 INFO [main] org.apache.catalina.startup.VersionLoggerListener.log Command line argument: -Djava.util.logging.manager=org.apache.juli.ClassLoaderLogManager
20-Nov-2025 09:36:36.477 INFO [main] org.apache.catalina.startup.VersionLoggerListener.log Command line argument: -Djdk.tls.ephemeralDHKeySize=2048
20-Nov-2025 09:36:36.477 INFO [main] org.apache.catalina.startup.VersionLoggerListener.log Command line argument: -Djava.protocol.handler.pkgs=org.apache.catalina.webresources
20-Nov-2025 09:36:36.478 INFO [main] org.apache.catalina.startup.VersionLoggerListener.log Command line argument: -Dignore.endorsed.dirs=
20-Nov-2025 09:36:36.478 INFO [main] org.apache.catalina.startup.VersionLoggerListener.log Command line argument: -Dcatalina.base=C:\Users\IET\Desktop\250845920096\apache-tomcat-9.0.89-windows-x64\apache-tomcat-9.0.89
20-Nov-2025 09:36:36.479 INFO [main] org.apache.catalina.startup.VersionLoggerListener.log Command line argument: -Dcatalina.home=C:\Users\IET\Desktop\250845920096\apache-tomcat-9.0.89-windows-x64\apache-tomcat-9.0.89
20-Nov-2025 09:36:36.480 INFO [main] org.apache.catalina.startup.VersionLoggerListener.log Command line argument: -Djava.io.tmpdir=C:\Users\IET\Desktop\250845920096\apache-tomcat-9.0.89-windows-x64\apache-tomcat-9.0.89\temp
20-Nov-2025 09:36:36.487 INFO [main] org.apache.catalina.core.AprLifecycleListener.lifecycleEvent Loaded Apache Tomcat Native library [1.3.0] using APR version [1.7.4].
20-Nov-2025 09:36:36.488 INFO [main] org.apache.catalina.core.AprLifecycleListener.lifecycleEvent APR capabilities: IPv6 [true], sendfile [true], accept filters [false], random [true], UDS [true].
20-Nov-2025 09:36:36.488 INFO [main] org.apache.catalina.core.AprLifecycleListener.lifecycleEvent APR/OpenSSL configuration: useAprConnector [false], useOpenSSL [true]
20-Nov-2025 09:36:36.500 INFO [main] org.apache.catalina.core.AprLifecycleListener.initializeSSL OpenSSL successfully initialized [OpenSSL 3.0.13 30 Jan 2024]
20-Nov-2025 09:36:37.093 INFO [main] org.apache.coyote.AbstractProtocol.init Initializing ProtocolHandler ["http-nio-8080"]
20-Nov-2025 09:36:37.148 INFO [main] org.apache.catalina.startup.Catalina.load Server initialization in [1018] milliseconds
20-Nov-2025 09:36:37.236 INFO [main] org.apache.catalina.core.StandardService.startInternal Starting service [Catalina]
20-Nov-2025 09:36:37.237 INFO [main] org.apache.catalina.core.StandardEngine.startInternal Starting Servlet engine: [Apache Tomcat/9.0.89]
20-Nov-2025 09:36:37.257 INFO [main] org.apache.catalina.startup.HostConfig.deployDirectory Deploying web application directory [C:\Users\IET\Desktop\250845920096\apache-tomcat-9.0.89-windows-x64\apache-tomcat-9.0.89\webapps\docs]
20-Nov-2025 09:36:37.782 INFO [main] org.apache.catalina.startup.HostConfig.deployDirectory Deployment of web application directory [C:\Users\IET\Desktop\250845920096\apache-tomcat-9.0.89-windows-x64\apache-tomcat-9.0.89\webapps\docs] has finished in [524] ms
20-Nov-2025 09:36:37.783 INFO [main] org.apache.catalina.startup.HostConfig.deployDirectory Deploying web application directory [C:\Users\IET\Desktop\250845920096\apache-tomcat-9.0.89-windows-x64\apache-tomcat-9.0.89\webapps\examples]
20-Nov-2025 09:36:38.762 INFO [main] org.apache.catalina.startup.HostConfig.deployDirectory Deployment of web application directory [C:\Users\IET\Desktop\250845920096\apache-tomcat-9.0.89-windows-x64\apache-tomcat-9.0.89\webapps\examples] has finished in [978] ms
20-Nov-2025 09:36:38.764 INFO [main] org.apache.catalina.startup.HostConfig.deployDirectory Deploying web application directory [C:\Users\IET\Desktop\250845920096\apache-tomcat-9.0.89-windows-x64\apache-tomcat-9.0.89\webapps\host-manager]
20-Nov-2025 09:36:38.851 INFO [main] org.apache.catalina.startup.HostConfig.deployDirectory Deployment of web application directory [C:\Users\IET\Desktop\250845920096\apache-tomcat-9.0.89-windows-x64\apache-tomcat-9.0.89\webapps\host-manager] has finished in [86] ms
20-Nov-2025 09:36:38.852 INFO [main] org.apache.catalina.startup.HostConfig.deployDirectory Deploying web application directory [C:\Users\IET\Desktop\250845920096\apache-tomcat-9.0.89-windows-x64\apache-tomcat-9.0.89\webapps\manager]
20-Nov-2025 09:36:38.947 INFO [main] org.apache.catalina.startup.HostConfig.deployDirectory Deployment of web application directory [C:\Users\IET\Desktop\250845920096\apache-tomcat-9.0.89-windows-x64\apache-tomcat-9.0.89\webapps\manager] has finished in [95] ms
20-Nov-2025 09:36:38.948 INFO [main] org.apache.catalina.startup.HostConfig.deployDirectory Deploying web application directory [C:\Users\IET\Desktop\250845920096\apache-tomcat-9.0.89-windows-x64\apache-tomcat-9.0.89\webapps\myapp]
20-Nov-2025 09:36:39.013 INFO [main] org.apache.catalina.startup.HostConfig.deployDirectory Deployment of web application directory [C:\Users\IET\Desktop\250845920096\apache-tomcat-9.0.89-windows-x64\apache-tomcat-9.0.89\webapps\myapp] has finished in [65] ms
20-Nov-2025 09:36:39.016 INFO [main] org.apache.catalina.startup.HostConfig.deployDirectory Deploying web application directory [C:\Users\IET\Desktop\250845920096\apache-tomcat-9.0.89-windows-x64\apache-tomcat-9.0.89\webapps\ROOT]
20-Nov-2025 09:36:39.071 INFO [main] org.apache.catalina.startup.HostConfig.deployDirectory Deployment of web application directory [C:\Users\IET\Desktop\250845920096\apache-tomcat-9.0.89-windows-x64\apache-tomcat-9.0.89\webapps\ROOT] has finished in [55] ms
20-Nov-2025 09:36:39.080 INFO [main] org.apache.coyote.AbstractProtocol.start Starting ProtocolHandler ["http-nio-8080"]
20-Nov-2025 09:36:39.128 INFO [main] org.apache.catalina.startup.Catalina.start Server startup in [1973] milliseconds
20-Nov-2025 10:06:21.763 INFO [main] org.apache.catalina.startup.VersionLoggerListener.log Server version name:   Apache Tomcat/9.0.89
20-Nov-2025 10:06:21.768 INFO [main] org.apache.catalina.startup.VersionLoggerListener.log Server built:          May 3 2024 20:22:11 UTC
20-Nov-2025 10:06:21.768 INFO [main] org.apache.catalina.startup.VersionLoggerListener.log Server version number: 9.0.89.0
20-Nov-2025 10:06:21.769 INFO [main] org.apache.catalina.startup.VersionLoggerListener.log OS Name:               Windows 10
20-Nov-2025 10:06:21.769 INFO [main] org.apache.catalina.startup.VersionLoggerListener.log OS Version:            10.0
20-Nov-2025 10:06:21.769 INFO [main] org.apache.catalina.startup.VersionLoggerListener.log Architecture:          amd64
20-Nov-2025 10:06:21.769 INFO [main] org.apache.catalina.startup.VersionLoggerListener.log Java Home:             C:\Program Files\Java\jdk-21
20-Nov-2025 10:06:21.770 INFO [main] org.apache.catalina.startup.VersionLoggerListener.log JVM Version:           21.0.8+12-LTS-250
20-Nov-2025 10:06:21.770 INFO [main] org.apache.catalina.startup.VersionLoggerListener.log JVM Vendor:            Oracle Corporation
20-Nov-2025 10:06:21.770 INFO [main] org.apache.catalina.startup.VersionLoggerListener.log CATALINA_BASE:         C:\Users\IET\Desktop\250845920096\apache-tomcat-9.0.89-windows-x64\apache-tomcat-9.0.89
20-Nov-2025 10:06:21.770 INFO [main] org.apache.catalina.startup.VersionLoggerListener.log CATALINA_HOME:         C:\Users\IET\Desktop\250845920096\apache-tomcat-9.0.89-windows-x64\apache-tomcat-9.0.89
20-Nov-2025 10:06:21.782 INFO [main] org.apache.catalina.startup.VersionLoggerListener.log Command line argument: --add-opens=java.base/java.lang=ALL-UNNAMED
20-Nov-2025 10:06:21.783 INFO [main] org.apache.catalina.startup.VersionLoggerListener.log Command line argument: --add-opens=java.base/java.io=ALL-UNNAMED
20-Nov-2025 10:06:21.783 INFO [main] org.apache.catalina.startup.VersionLoggerListener.log Command line argument: --add-opens=java.base/java.util=ALL-UNNAMED
20-Nov-2025 10:06:21.783 INFO [main] org.apache.catalina.startup.VersionLoggerListener.log Command line argument: --add-opens=java.base/java.util.concurrent=ALL-UNNAMED
20-Nov-2025 10:06:21.783 INFO [main] org.apache.catalina.startup.VersionLoggerListener.log Command line argument: --add-opens=java.rmi/sun.rmi.transport=ALL-UNNAMED
20-Nov-2025 10:06:21.784 INFO [main] org.apache.catalina.startup.VersionLoggerListener.log Command line argument: -Djava.util.logging.config.file=C:\Users\IET\Desktop\250845920096\apache-tomcat-9.0.89-windows-x64\apache-tomcat-9.0.89\conf\logging.properties
20-Nov-2025 10:06:21.785 INFO [main] org.apache.catalina.startup.VersionLoggerListener.log Command line argument: -Djava.util.logging.manager=org.apache.juli.ClassLoaderLogManager
20-Nov-2025 10:06:21.785 INFO [main] org.apache.catalina.startup.VersionLoggerListener.log Command line argument: -Djdk.tls.ephemeralDHKeySize=2048
20-Nov-2025 10:06:21.786 INFO [main] org.apache.catalina.startup.VersionLoggerListener.log Command line argument: -Djava.protocol.handler.pkgs=org.apache.catalina.webresources
20-Nov-2025 10:06:21.786 INFO [main] org.apache.catalina.startup.VersionLoggerListener.log Command line argument: -Dignore.endorsed.dirs=
20-Nov-2025 10:06:21.787 INFO [main] org.apache.catalina.startup.VersionLoggerListener.log Command line argument: -Dcatalina.base=C:\Users\IET\Desktop\250845920096\apache-tomcat-9.0.89-windows-x64\apache-tomcat-9.0.89
20-Nov-2025 10:06:21.787 INFO [main] org.apache.catalina.startup.VersionLoggerListener.log Command line argument: -Dcatalina.home=C:\Users\IET\Desktop\250845920096\apache-tomcat-9.0.89-windows-x64\apache-tomcat-9.0.89
20-Nov-2025 10:06:21.788 INFO [main] org.apache.catalina.startup.VersionLoggerListener.log Command line argument: -Djava.io.tmpdir=C:\Users\IET\Desktop\250845920096\apache-tomcat-9.0.89-windows-x64\apache-tomcat-9.0.89\temp
20-Nov-2025 10:06:21.796 INFO [main] org.apache.catalina.core.AprLifecycleListener.lifecycleEvent Loaded Apache Tomcat Native library [1.3.0] using APR version [1.7.4].
20-Nov-2025 10:06:21.796 INFO [main] org.apache.catalina.core.AprLifecycleListener.lifecycleEvent APR capabilities: IPv6 [true], sendfile [true], accept filters [false], random [true], UDS [true].
20-Nov-2025 10:06:21.797 INFO [main] org.apache.catalina.core.AprLifecycleListener.lifecycleEvent APR/OpenSSL configuration: useAprConnector [false], useOpenSSL [true]
20-Nov-2025 10:06:21.806 INFO [main] org.apache.catalina.core.AprLifecycleListener.initializeSSL OpenSSL successfully initialized [OpenSSL 3.0.13 30 Jan 2024]
20-Nov-2025 10:06:22.254 INFO [main] org.apache.coyote.AbstractProtocol.init Initializing ProtocolHandler ["http-nio-8080"]
20-Nov-2025 10:06:22.283 SEVERE [main] org.apache.catalina.util.LifecycleBase.handleSubClassException Failed to initialize component [Connector["http-nio-8080"]]
	org.apache.catalina.LifecycleException: Protocol handler initialization failed
		at org.apache.catalina.connector.Connector.initInternal(Connector.java:1012)
		at org.apache.catalina.util.LifecycleBase.init(LifecycleBase.java:127)
		at org.apache.catalina.core.StandardService.initInternal(StandardService.java:525)
		at org.apache.catalina.util.LifecycleBase.init(LifecycleBase.java:127)
		at org.apache.catalina.core.StandardServer.initInternal(StandardServer.java:990)
		at org.apache.catalina.util.LifecycleBase.init(LifecycleBase.java:127)
		at org.apache.catalina.startup.Catalina.load(Catalina.java:686)
		at org.apache.catalina.startup.Catalina.load(Catalina.java:709)
		at java.base/jdk.internal.reflect.DirectMethodHandleAccessor.invoke(DirectMethodHandleAccessor.java:103)
		at java.base/java.lang.reflect.Method.invoke(Method.java:580)
		at org.apache.catalina.startup.Bootstrap.load(Bootstrap.java:302)
		at org.apache.catalina.startup.Bootstrap.main(Bootstrap.java:472)
	Caused by: java.net.BindException: Address already in use: bind
		at java.base/sun.nio.ch.Net.bind0(Native Method)
		at java.base/sun.nio.ch.Net.bind(Net.java:565)
		at java.base/sun.nio.ch.ServerSocketChannelImpl.netBind(ServerSocketChannelImpl.java:344)
		at java.base/sun.nio.ch.ServerSocketChannelImpl.bind(ServerSocketChannelImpl.java:301)
		at org.apache.tomcat.util.net.NioEndpoint.initServerSocket(NioEndpoint.java:268)
		at org.apache.tomcat.util.net.NioEndpoint.bind(NioEndpoint.java:223)
		at org.apache.tomcat.util.net.AbstractEndpoint.bindWithCleanup(AbstractEndpoint.java:1355)
		at org.apache.tomcat.util.net.AbstractEndpoint.init(AbstractEndpoint.java:1368)
		at org.apache.coyote.AbstractProtocol.init(AbstractProtocol.java:654)
		at org.apache.coyote.http11.AbstractHttp11Protocol.init(AbstractHttp11Protocol.java:75)
		at org.apache.catalina.connector.Connector.initInternal(Connector.java:1010)
		... 11 more
20-Nov-2025 10:06:22.285 INFO [main] org.apache.catalina.startup.Catalina.load Server initialization in [765] milliseconds
20-Nov-2025 10:06:22.362 INFO [main] org.apache.catalina.core.StandardService.startInternal Starting service [Catalina]
20-Nov-2025 10:06:22.362 INFO [main] org.apache.catalina.core.StandardEngine.startInternal Starting Servlet engine: [Apache Tomcat/9.0.89]
20-Nov-2025 10:06:22.377 INFO [main] org.apache.catalina.startup.HostConfig.deployDirectory Deploying web application directory [C:\Users\IET\Desktop\250845920096\apache-tomcat-9.0.89-windows-x64\apache-tomcat-9.0.89\webapps\docs]
20-Nov-2025 10:06:22.808 INFO [main] org.apache.catalina.startup.HostConfig.deployDirectory Deployment of web application directory [C:\Users\IET\Desktop\250845920096\apache-tomcat-9.0.89-windows-x64\apache-tomcat-9.0.89\webapps\docs] has finished in [430] ms
20-Nov-2025 10:06:22.809 INFO [main] org.apache.catalina.startup.HostConfig.deployDirectory Deploying web application directory [C:\Users\IET\Desktop\250845920096\apache-tomcat-9.0.89-windows-x64\apache-tomcat-9.0.89\webapps\examples]
20-Nov-2025 10:06:23.572 INFO [main] org.apache.catalina.startup.HostConfig.deployDirectory Deployment of web application directory [C:\Users\IET\Desktop\250845920096\apache-tomcat-9.0.89-windows-x64\apache-tomcat-9.0.89\webapps\examples] has finished in [763] ms
20-Nov-2025 10:06:23.572 INFO [main] org.apache.catalina.startup.HostConfig.deployDirectory Deploying web application directory [C:\Users\IET\Desktop\250845920096\apache-tomcat-9.0.89-windows-x64\apache-tomcat-9.0.89\webapps\host-manager]
20-Nov-2025 10:06:23.638 INFO [main] org.apache.catalina.startup.HostConfig.deployDirectory Deployment of web application directory [C:\Users\IET\Desktop\250845920096\apache-tomcat-9.0.89-windows-x64\apache-tomcat-9.0.89\webapps\host-manager] has finished in [66] ms
20-Nov-2025 10:06:23.639 INFO [main] org.apache.catalina.startup.HostConfig.deployDirectory Deploying web application directory [C:\Users\IET\Desktop\250845920096\apache-tomcat-9.0.89-windows-x64\apache-tomcat-9.0.89\webapps\manager]
20-Nov-2025 10:06:23.702 INFO [main] org.apache.catalina.startup.HostConfig.deployDirectory Deployment of web application directory [C:\Users\IET\Desktop\250845920096\apache-tomcat-9.0.89-windows-x64\apache-tomcat-9.0.89\webapps\manager] has finished in [63] ms
20-Nov-2025 10:06:23.704 INFO [main] org.apache.catalina.startup.HostConfig.deployDirectory Deploying web application directory [C:\Users\IET\Desktop\250845920096\apache-tomcat-9.0.89-windows-x64\apache-tomcat-9.0.89\webapps\myapp]
20-Nov-2025 10:06:23.754 INFO [main] org.apache.catalina.startup.HostConfig.deployDirectory Deployment of web application directory [C:\Users\IET\Desktop\250845920096\apache-tomcat-9.0.89-windows-x64\apache-tomcat-9.0.89\webapps\myapp] has finished in [51] ms
20-Nov-2025 10:06:23.755 INFO [main] org.apache.catalina.startup.HostConfig.deployDirectory Deploying web application directory [C:\Users\IET\Desktop\250845920096\apache-tomcat-9.0.89-windows-x64\apache-tomcat-9.0.89\webapps\ROOT]
20-Nov-2025 10:06:23.797 INFO [main] org.apache.catalina.startup.HostConfig.deployDirectory Deployment of web application directory [C:\Users\IET\Desktop\250845920096\apache-tomcat-9.0.89-windows-x64\apache-tomcat-9.0.89\webapps\ROOT] has finished in [42] ms
20-Nov-2025 10:06:23.804 INFO [main] org.apache.catalina.startup.Catalina.start Server startup in [1516] milliseconds
20-Nov-2025 10:06:23.815 SEVERE [main] org.apache.catalina.core.StandardServer.await Failed to create server shutdown socket on address [localhost] and port [8005] (base port [8005] and offset [0])
	java.net.BindException: Address already in use: bind
		at java.base/sun.nio.ch.Net.bind0(Native Method)
		at java.base/sun.nio.ch.Net.bind(Net.java:565)
		at java.base/sun.nio.ch.Net.bind(Net.java:554)
		at java.base/sun.nio.ch.NioSocketImpl.bind(NioSocketImpl.java:636)
		at java.base/java.net.ServerSocket.bind(ServerSocket.java:391)
		at java.base/java.net.ServerSocket.<init>(ServerSocket.java:278)
		at org.apache.catalina.core.StandardServer.await(StandardServer.java:541)
		at org.apache.catalina.startup.Catalina.await(Catalina.java:825)
		at org.apache.catalina.startup.Catalina.start(Catalina.java:773)
		at java.base/jdk.internal.reflect.DirectMethodHandleAccessor.invoke(DirectMethodHandleAccessor.java:103)
		at java.base/java.lang.reflect.Method.invoke(Method.java:580)
		at org.apache.catalina.startup.Bootstrap.start(Bootstrap.java:345)
		at org.apache.catalina.startup.Bootstrap.main(Bootstrap.java:473)
20-Nov-2025 10:06:23.816 INFO [main] org.apache.coyote.AbstractProtocol.pause Pausing ProtocolHandler ["http-nio-8080"]
20-Nov-2025 10:06:23.816 INFO [main] org.apache.catalina.core.StandardService.stopInternal Stopping service [Catalina]
20-Nov-2025 10:06:23.851 INFO [main] org.apache.coyote.AbstractProtocol.stop Stopping ProtocolHandler ["http-nio-8080"]
20-Nov-2025 10:06:23.855 INFO [main] org.apache.coyote.AbstractProtocol.destroy Destroying ProtocolHandler ["http-nio-8080"]
