19-Nov-2025 12:46:23.663 INFO [main] org.apache.catalina.core.ApplicationContext.log ContextListener: contextInitialized()
19-Nov-2025 12:46:23.664 INFO [main] org.apache.catalina.core.ApplicationContext.log SessionListener: contextInitialized()
19-Nov-2025 12:46:23.669 INFO [main] org.apache.catalina.core.ApplicationContext.log ContextListener: attributeAdded('StockTicker', 'async.Stockticker@51e4ccb3')
19-Nov-2025 12:53:20.844 INFO [Thread-1] org.apache.catalina.core.ApplicationContext.log SessionListener: contextDestroyed()
19-Nov-2025 12:53:20.844 INFO [Thread-1] org.apache.catalina.core.ApplicationContext.log ContextListener: contextDestroyed()
19-Nov-2025 12:53:27.325 INFO [main] org.apache.catalina.core.ApplicationContext.log ContextListener: contextInitialized()
19-Nov-2025 12:53:27.326 INFO [main] org.apache.catalina.core.ApplicationContext.log SessionListener: contextInitialized()
19-Nov-2025 12:53:27.330 INFO [main] org.apache.catalina.core.ApplicationContext.log ContextListener: attributeAdded('StockTicker', 'async.Stockticker@533b266e')
19-Nov-2025 12:58:34.082 INFO [main] org.apache.catalina.core.ApplicationContext.log ContextListener: contextInitialized()
19-Nov-2025 12:58:34.082 INFO [main] org.apache.catalina.core.ApplicationContext.log SessionListener: contextInitialized()
19-Nov-2025 12:58:34.085 INFO [main] org.apache.catalina.core.ApplicationContext.log ContextListener: attributeAdded('StockTicker', 'async.Stockticker@611df6e3')
19-Nov-2025 12:58:34.358 INFO [main] org.apache.catalina.core.ApplicationContext.log SessionListener: contextDestroyed()
19-Nov-2025 12:58:34.358 INFO [main] org.apache.catalina.core.ApplicationContext.log ContextListener: contextDestroyed()
19-Nov-2025 12:59:08.641 INFO [main] org.apache.catalina.core.ApplicationContext.log ContextListener: contextInitialized()
19-Nov-2025 12:59:08.641 INFO [main] org.apache.catalina.core.ApplicationContext.log SessionListener: contextInitialized()
19-Nov-2025 12:59:08.644 INFO [main] org.apache.catalina.core.ApplicationContext.log ContextListener: attributeAdded('StockTicker', 'async.Stockticker@3d8bbcdc')
19-Nov-2025 12:59:08.935 INFO [main] org.apache.catalina.core.ApplicationContext.log SessionListener: contextDestroyed()
19-Nov-2025 12:59:08.935 INFO [main] org.apache.catalina.core.ApplicationContext.log ContextListener: contextDestroyed()
19-Nov-2025 12:59:59.203 INFO [main] org.apache.catalina.core.ApplicationContext.log ContextListener: contextInitialized()
19-Nov-2025 12:59:59.203 INFO [main] org.apache.catalina.core.ApplicationContext.log SessionListener: contextInitialized()
19-Nov-2025 12:59:59.206 INFO [main] org.apache.catalina.core.ApplicationContext.log ContextListener: attributeAdded('StockTicker', 'async.Stockticker@5fcacc0')
19-Nov-2025 13:04:58.550 INFO [main] org.apache.catalina.core.ApplicationContext.log ContextListener: contextInitialized()
19-Nov-2025 13:04:58.550 INFO [main] org.apache.catalina.core.ApplicationContext.log SessionListener: contextInitialized()
19-Nov-2025 13:04:58.553 INFO [main] org.apache.catalina.core.ApplicationContext.log ContextListener: attributeAdded('StockTicker', 'async.Stockticker@5d465e4b')
19-Nov-2025 13:04:58.831 INFO [main] org.apache.catalina.core.ApplicationContext.log SessionListener: contextDestroyed()
19-Nov-2025 13:04:58.831 INFO [main] org.apache.catalina.core.ApplicationContext.log ContextListener: contextDestroyed()
19-Nov-2025 13:05:30.280 INFO [main] org.apache.catalina.core.ApplicationContext.log ContextListener: contextInitialized()
19-Nov-2025 13:05:30.281 INFO [main] org.apache.catalina.core.ApplicationContext.log SessionListener: contextInitialized()
19-Nov-2025 13:05:30.284 INFO [main] org.apache.catalina.core.ApplicationContext.log ContextListener: attributeAdded('StockTicker', 'async.Stockticker@41a90fa8')
19-Nov-2025 13:05:30.584 INFO [main] org.apache.catalina.core.ApplicationContext.log SessionListener: contextDestroyed()
19-Nov-2025 13:05:30.584 INFO [main] org.apache.catalina.core.ApplicationContext.log ContextListener: contextDestroyed()
